src/app/admin/page.tsx(42,8): error TS2792: Cannot find module 'lucide-react'. Did you mean to set the 'moduleResolution' option to 'nodenext', or to add aliases to the 'paths' option?
src/app/admin/page.tsx(48,8): error TS2792: Cannot find module 'chart.js'. Did you mean to set the 'moduleResolution' option to 'nodenext', or to add aliases to the 'paths' option?
src/app/admin/page.tsx(49,41): error TS2792: Cannot find module 'framer-motion'. Did you mean to set the 'moduleResolution' option to 'nodenext', or to add aliases to the 'paths' option?
src/app/admin/page.tsx(51,27): error TS2792: Cannot find module 'next/navigation'. Did you mean to set the 'moduleResolution' option to 'nodenext', or to add aliases to the 'paths' option?
src/app/admin/page.tsx(52,24): error TS2792: Cannot find module 'lucide-react'. Did you mean to set the 'moduleResolution' option to 'nodenext', or to add aliases to the 'paths' option?
src/app/admin/page.tsx(53,31): error TS2792: Cannot find module '@/components/dashboard/ClientSidebar'. Did you mean to set the 'moduleResolution' option to 'nodenext', or to add aliases to the 'paths' option?
src/app/admin/page.tsx(54,30): error TS2792: Cannot find module '@/components/dashboard/ClientHeader'. Did you mean to set the 'moduleResolution' option to 'nodenext', or to add aliases to the 'paths' option?
src/app/admin/page.tsx(55,28): error TS2792: Cannot find module '@/components/dashboard/LeadsTable'. Did you mean to set the 'moduleResolution' option to 'nodenext', or to add aliases to the 'paths' option?
src/app/admin/page.tsx(56,28): error TS2792: Cannot find module '@/components/dashboard/CallsTable'. Did you mean to set the 'moduleResolution' option to 'nodenext', or to add aliases to the 'paths' option?
src/app/admin/page.tsx(113,40): error TS1323: Dynamic imports are only supported when the '--module' flag is set to 'es2020', 'es2022', 'esnext', 'commonjs', 'amd', 'system', 'umd', 'node16', 'node18', 'node20', or 'nodenext'.
src/app/admin/page.tsx(113,47): error TS2792: Cannot find module '@/lib/supabase'. Did you mean to set the 'moduleResolution' option to 'nodenext', or to add aliases to the 'paths' option?
src/app/admin/page.tsx(168,44): error TS1323: Dynamic imports are only supported when the '--module' flag is set to 'es2020', 'es2022', 'esnext', 'commonjs', 'amd', 'system', 'umd', 'node16', 'node18', 'node20', or 'nodenext'.
src/app/admin/page.tsx(168,51): error TS2792: Cannot find module '@/lib/supabase'. Did you mean to set the 'moduleResolution' option to 'nodenext', or to add aliases to the 'paths' option?
src/app/admin/page.tsx(326,21): error TS1323: Dynamic imports are only supported when the '--module' flag is set to 'es2020', 'es2022', 'esnext', 'commonjs', 'amd', 'system', 'umd', 'node16', 'node18', 'node20', or 'nodenext'.
src/app/admin/page.tsx(326,28): error TS2792: Cannot find module '@/lib/supabase'. Did you mean to set the 'moduleResolution' option to 'nodenext', or to add aliases to the 'paths' option?
src/app/admin/page.tsx(343,40): error TS1323: Dynamic imports are only supported when the '--module' flag is set to 'es2020', 'es2022', 'esnext', 'commonjs', 'amd', 'system', 'umd', 'node16', 'node18', 'node20', or 'nodenext'.
src/app/admin/page.tsx(343,47): error TS2792: Cannot find module '@/lib/supabase'. Did you mean to set the 'moduleResolution' option to 'nodenext', or to add aliases to the 'paths' option?
src/app/admin/page.tsx(358,36): error TS1323: Dynamic imports are only supported when the '--module' flag is set to 'es2020', 'es2022', 'esnext', 'commonjs', 'amd', 'system', 'umd', 'node16', 'node18', 'node20', or 'nodenext'.
src/app/admin/page.tsx(358,43): error TS2792: Cannot find module '@/lib/supabase'. Did you mean to set the 'moduleResolution' option to 'nodenext', or to add aliases to the 'paths' option?
src/app/admin/page.tsx(373,40): error TS1323: Dynamic imports are only supported when the '--module' flag is set to 'es2020', 'es2022', 'esnext', 'commonjs', 'amd', 'system', 'umd', 'node16', 'node18', 'node20', or 'nodenext'.
src/app/admin/page.tsx(373,47): error TS2792: Cannot find module '@/lib/supabase'. Did you mean to set the 'moduleResolution' option to 'nodenext', or to add aliases to the 'paths' option?
src/app/admin/page.tsx(396,40): error TS1323: Dynamic imports are only supported when the '--module' flag is set to 'es2020', 'es2022', 'esnext', 'commonjs', 'amd', 'system', 'umd', 'node16', 'node18', 'node20', or 'nodenext'.
src/app/admin/page.tsx(396,47): error TS2792: Cannot find module '@/lib/supabase'. Did you mean to set the 'moduleResolution' option to 'nodenext', or to add aliases to the 'paths' option?
src/app/admin/page.tsx(419,40): error TS1323: Dynamic imports are only supported when the '--module' flag is set to 'es2020', 'es2022', 'esnext', 'commonjs', 'amd', 'system', 'umd', 'node16', 'node18', 'node20', or 'nodenext'.
src/app/admin/page.tsx(419,47): error TS2792: Cannot find module '@/lib/supabase'. Did you mean to set the 'moduleResolution' option to 'nodenext', or to add aliases to the 'paths' option?
src/app/admin/page.tsx(448,40): error TS1323: Dynamic imports are only supported when the '--module' flag is set to 'es2020', 'es2022', 'esnext', 'commonjs', 'amd', 'system', 'umd', 'node16', 'node18', 'node20', or 'nodenext'.
src/app/admin/page.tsx(448,47): error TS2792: Cannot find module '@/lib/supabase'. Did you mean to set the 'moduleResolution' option to 'nodenext', or to add aliases to the 'paths' option?
src/app/admin/page.tsx(480,40): error TS1323: Dynamic imports are only supported when the '--module' flag is set to 'es2020', 'es2022', 'esnext', 'commonjs', 'amd', 'system', 'umd', 'node16', 'node18', 'node20', or 'nodenext'.
src/app/admin/page.tsx(480,47): error TS2792: Cannot find module '@/lib/supabase'. Did you mean to set the 'moduleResolution' option to 'nodenext', or to add aliases to the 'paths' option?
src/app/admin/page.tsx(512,40): error TS1323: Dynamic imports are only supported when the '--module' flag is set to 'es2020', 'es2022', 'esnext', 'commonjs', 'amd', 'system', 'umd', 'node16', 'node18', 'node20', or 'nodenext'.
src/app/admin/page.tsx(512,47): error TS2792: Cannot find module '@/lib/supabase'. Did you mean to set the 'moduleResolution' option to 'nodenext', or to add aliases to the 'paths' option?
src/app/admin/page.tsx(541,40): error TS1323: Dynamic imports are only supported when the '--module' flag is set to 'es2020', 'es2022', 'esnext', 'commonjs', 'amd', 'system', 'umd', 'node16', 'node18', 'node20', or 'nodenext'.
src/app/admin/page.tsx(541,47): error TS2792: Cannot find module '@/lib/supabase'. Did you mean to set the 'moduleResolution' option to 'nodenext', or to add aliases to the 'paths' option?
src/app/admin/page.tsx(559,43): error TS2339: Property 'div' does not exist on type 'JSX.IntrinsicElements'.
src/app/admin/page.tsx(559,119): error TS2339: Property 'div' does not exist on type 'JSX.IntrinsicElements'.
src/app/admin/page.tsx(559,200): error TS2339: Property 'div' does not exist on type 'JSX.IntrinsicElements'.
src/app/admin/page.tsx(559,206): error TS2339: Property 'div' does not exist on type 'JSX.IntrinsicElements'.
src/app/admin/page.tsx(562,9): error TS2339: Property 'div' does not exist on type 'JSX.IntrinsicElements'.
src/app/admin/page.tsx(576,13): error TS2339: Property 'main' does not exist on type 'JSX.IntrinsicElements'.
src/app/admin/page.tsx(577,17): error TS2339: Property 'div' does not exist on type 'JSX.IntrinsicElements'.
src/app/admin/page.tsx(579,21): error TS2339: Property 'div' does not exist on type 'JSX.IntrinsicElements'.
src/app/admin/page.tsx(579,170): error TS2339: Property 'div' does not exist on type 'JSX.IntrinsicElements'.
src/app/admin/page.tsx(588,29): error TS2339: Property 'div' does not exist on type 'JSX.IntrinsicElements'.
src/app/admin/page.tsx(589,33): error TS2339: Property 'div' does not exist on type 'JSX.IntrinsicElements'.
src/app/admin/page.tsx(591,33): error TS2339: Property 'div' does not exist on type 'JSX.IntrinsicElements'.
src/app/admin/page.tsx(592,33): error TS2339: Property 'div' does not exist on type 'JSX.IntrinsicElements'.
src/app/admin/page.tsx(593,37): error TS2339: Property 'h4' does not exist on type 'JSX.IntrinsicElements'.
src/app/admin/page.tsx(593,122): error TS2339: Property 'h4' does not exist on type 'JSX.IntrinsicElements'.
src/app/admin/page.tsx(594,37): error TS2339: Property 'p' does not exist on type 'JSX.IntrinsicElements'.
src/app/admin/page.tsx(594,158): error TS2339: Property 'p' does not exist on type 'JSX.IntrinsicElements'.
src/app/admin/page.tsx(595,33): error TS2339: Property 'div' does not exist on type 'JSX.IntrinsicElements'.
src/app/admin/page.tsx(596,29): error TS2339: Property 'div' does not exist on type 'JSX.IntrinsicElements'.
src/app/admin/page.tsx(598,29): error TS2339: Property 'div' does not exist on type 'JSX.IntrinsicElements'.
src/app/admin/page.tsx(605,37): error TS2339: Property 'button' does not exist on type 'JSX.IntrinsicElements'.
src/app/admin/page.tsx(611,37): error TS2339: Property 'button' does not exist on type 'JSX.IntrinsicElements'.
src/app/admin/page.tsx(613,33): error TS2339: Property 'div' does not exist on type 'JSX.IntrinsicElements'.
src/app/admin/page.tsx(613,100): error TS2339: Property 'div' does not exist on type 'JSX.IntrinsicElements'.
src/app/admin/page.tsx(614,33): error TS2339: Property 'button' does not exist on type 'JSX.IntrinsicElements'.
src/app/admin/page.tsx(619,33): error TS2339: Property 'button' does not exist on type 'JSX.IntrinsicElements'.
src/app/admin/page.tsx(620,29): error TS2339: Property 'div' does not exist on type 'JSX.IntrinsicElements'.
src/app/admin/page.tsx(643,33): error TS2339: Property 'div' does not exist on type 'JSX.IntrinsicElements'.
src/app/admin/page.tsx(652,41): error TS2339: Property 'button' does not exist on type 'JSX.IntrinsicElements'.
src/app/admin/page.tsx(657,45): error TS2339: Property 'div' does not exist on type 'JSX.IntrinsicElements'.
src/app/admin/page.tsx(660,45): error TS2339: Property 'div' does not exist on type 'JSX.IntrinsicElements'.
src/app/admin/page.tsx(661,45): error TS2339: Property 'div' does not exist on type 'JSX.IntrinsicElements'.
src/app/admin/page.tsx(662,49): error TS2339: Property 'p' does not exist on type 'JSX.IntrinsicElements'.
src/app/admin/page.tsx(662,140): error TS2339: Property 'p' does not exist on type 'JSX.IntrinsicElements'.
src/app/admin/page.tsx(663,49): error TS2339: Property 'div' does not exist on type 'JSX.IntrinsicElements'.
src/app/admin/page.tsx(665,57): error TS2339: Property 'div' does not exist on type 'JSX.IntrinsicElements'.
src/app/admin/page.tsx(665,119): error TS2339: Property 'div' does not exist on type 'JSX.IntrinsicElements'.
src/app/admin/page.tsx(667,57): error TS2339: Property 'h3' does not exist on type 'JSX.IntrinsicElements'.
src/app/admin/page.tsx(667,124): error TS2339: Property 'h3' does not exist on type 'JSX.IntrinsicElements'.
src/app/admin/page.tsx(669,66): error TS2339: Property 'span' does not exist on type 'JSX.IntrinsicElements'.
src/app/admin/page.tsx(669,242): error TS2339: Property 'span' does not exist on type 'JSX.IntrinsicElements'.
src/app/admin/page.tsx(670,49): error TS2339: Property 'div' does not exist on type 'JSX.IntrinsicElements'.
src/app/admin/page.tsx(671,45): error TS2339: Property 'div' does not exist on type 'JSX.IntrinsicElements'.
src/app/admin/page.tsx(672,45): error TS2339: Property 'div' does not exist on type 'JSX.IntrinsicElements'.
src/app/admin/page.tsx(672,248): error TS2339: Property 'div' does not exist on type 'JSX.IntrinsicElements'.
src/app/admin/page.tsx(673,41): error TS2339: Property 'button' does not exist on type 'JSX.IntrinsicElements'.
src/app/admin/page.tsx(675,33): error TS2339: Property 'div' does not exist on type 'JSX.IntrinsicElements'.
src/app/admin/page.tsx(679,33): error TS2339: Property 'div' does not exist on type 'JSX.IntrinsicElements'.
src/app/admin/page.tsx(681,37): error TS2339: Property 'div' does not exist on type 'JSX.IntrinsicElements'.
src/app/admin/page.tsx(682,41): error TS2339: Property 'div' does not exist on type 'JSX.IntrinsicElements'.
src/app/admin/page.tsx(683,45): error TS2339: Property 'div' does not exist on type 'JSX.IntrinsicElements'.
src/app/admin/page.tsx(684,49): error TS2339: Property 'h2' does not exist on type 'JSX.IntrinsicElements'.
src/app/admin/page.tsx(684,132): error TS2339: Property 'h2' does not exist on type 'JSX.IntrinsicElements'.
src/app/admin/page.tsx(685,49): error TS2339: Property 'p' does not exist on type 'JSX.IntrinsicElements'.
src/app/admin/page.tsx(685,161): error TS2339: Property 'p' does not exist on type 'JSX.IntrinsicElements'.
src/app/admin/page.tsx(686,45): error TS2339: Property 'div' does not exist on type 'JSX.IntrinsicElements'.
src/app/admin/page.tsx(687,45): error TS2339: Property 'div' does not exist on type 'JSX.IntrinsicElements'.
src/app/admin/page.tsx(688,49): error TS2339: Property 'button' does not exist on type 'JSX.IntrinsicElements'.
src/app/admin/page.tsx(688,229): error TS2339: Property 'button' does not exist on type 'JSX.IntrinsicElements'.
src/app/admin/page.tsx(689,45): error TS2339: Property 'div' does not exist on type 'JSX.IntrinsicElements'.
src/app/admin/page.tsx(690,41): error TS2339: Property 'div' does not exist on type 'JSX.IntrinsicElements'.
src/app/admin/page.tsx(692,41): error TS2339: Property 'div' does not exist on type 'JSX.IntrinsicElements'.
src/app/admin/page.tsx(694,49): error TS2339: Property 'div' does not exist on type 'JSX.IntrinsicElements'.
src/app/admin/page.tsx(694,91): error TS2339: Property 'div' does not exist on type 'JSX.IntrinsicElements'.
src/app/admin/page.tsx(694,170): error TS2339: Property 'div' does not exist on type 'JSX.IntrinsicElements'.
src/app/admin/page.tsx(694,176): error TS2339: Property 'div' does not exist on type 'JSX.IntrinsicElements'.
src/app/admin/page.tsx(696,49): error TS2339: Property 'p' does not exist on type 'JSX.IntrinsicElements'.
src/app/admin/page.tsx(696,168): error TS2339: Property 'p' does not exist on type 'JSX.IntrinsicElements'.
src/app/admin/page.tsx(698,49): error TS2339: Property 'div' does not exist on type 'JSX.IntrinsicElements'.
src/app/admin/page.tsx(700,53): error TS2339: Property 'div' does not exist on type 'JSX.IntrinsicElements'.
src/app/admin/page.tsx(702,53): error TS2339: Property 'div' does not exist on type 'JSX.IntrinsicElements'.
src/app/admin/page.tsx(703,53): error TS2339: Property 'div' does not exist on type 'JSX.IntrinsicElements'.
src/app/admin/page.tsx(704,57): error TS2339: Property 'div' does not exist on type 'JSX.IntrinsicElements'.
src/app/admin/page.tsx(705,61): error TS2339: Property 'h4' does not exist on type 'JSX.IntrinsicElements'.
src/app/admin/page.tsx(705,132): error TS2339: Property 'h4' does not exist on type 'JSX.IntrinsicElements'.
src/app/admin/page.tsx(706,61): error TS2339: Property 'span' does not exist on type 'JSX.IntrinsicElements'.
src/app/admin/page.tsx(706,320): error TS2339: Property 'span' does not exist on type 'JSX.IntrinsicElements'.
src/app/admin/page.tsx(707,57): error TS2339: Property 'div' does not exist on type 'JSX.IntrinsicElements'.
src/app/admin/page.tsx(708,57): error TS2339: Property 'p' does not exist on type 'JSX.IntrinsicElements'.
src/app/admin/page.tsx(708,196): error TS2339: Property 'p' does not exist on type 'JSX.IntrinsicElements'.
src/app/admin/page.tsx(709,53): error TS2339: Property 'div' does not exist on type 'JSX.IntrinsicElements'.
src/app/admin/page.tsx(710,53): error TS2339: Property 'div' does not exist on type 'JSX.IntrinsicElements'.
src/app/admin/page.tsx(711,57): error TS2339: Property 'button' does not exist on type 'JSX.IntrinsicElements'.
src/app/admin/page.tsx(717,57): error TS2339: Property 'button' does not exist on type 'JSX.IntrinsicElements'.
src/app/admin/page.tsx(718,53): error TS2339: Property 'div' does not exist on type 'JSX.IntrinsicElements'.
src/app/admin/page.tsx(719,49): error TS2339: Property 'div' does not exist on type 'JSX.IntrinsicElements'.
src/app/admin/page.tsx(721,41): error TS2339: Property 'div' does not exist on type 'JSX.IntrinsicElements'.
src/app/admin/page.tsx(722,37): error TS2339: Property 'div' does not exist on type 'JSX.IntrinsicElements'.
src/app/admin/page.tsx(723,37): error TS2339: Property 'div' does not exist on type 'JSX.IntrinsicElements'.
src/app/admin/page.tsx(724,41): error TS2339: Property 'div' does not exist on type 'JSX.IntrinsicElements'.
src/app/admin/page.tsx(725,45): error TS2339: Property 'div' does not exist on type 'JSX.IntrinsicElements'.
src/app/admin/page.tsx(727,49): error TS2339: Property 'h3' does not exist on type 'JSX.IntrinsicElements'.
src/app/admin/page.tsx(727,138): error TS2339: Property 'h3' does not exist on type 'JSX.IntrinsicElements'.
src/app/admin/page.tsx(728,49): error TS2339: Property 'p' does not exist on type 'JSX.IntrinsicElements'.
src/app/admin/page.tsx(728,260): error TS2339: Property 'p' does not exist on type 'JSX.IntrinsicElements'.
src/app/admin/page.tsx(729,49): error TS2339: Property 'a' does not exist on type 'JSX.IntrinsicElements'.
src/app/admin/page.tsx(736,49): error TS2339: Property 'a' does not exist on type 'JSX.IntrinsicElements'.
src/app/admin/page.tsx(737,45): error TS2339: Property 'div' does not exist on type 'JSX.IntrinsicElements'.
src/app/admin/page.tsx(738,45): error TS2339: Property 'div' does not exist on type 'JSX.IntrinsicElements'.
src/app/admin/page.tsx(738,189): error TS2339: Property 'div' does not exist on type 'JSX.IntrinsicElements'.
src/app/admin/page.tsx(739,41): error TS2339: Property 'div' does not exist on type 'JSX.IntrinsicElements'.
src/app/admin/page.tsx(740,37): error TS2339: Property 'div' does not exist on type 'JSX.IntrinsicElements'.
src/app/admin/page.tsx(741,33): error TS2339: Property 'div' does not exist on type 'JSX.IntrinsicElements'.
src/app/admin/page.tsx(751,33): error TS2339: Property 'h2' does not exist on type 'JSX.IntrinsicElements'.
src/app/admin/page.tsx(751,112): error TS2339: Property 'h2' does not exist on type 'JSX.IntrinsicElements'.
src/app/admin/page.tsx(767,37): error TS2339: Property 'div' does not exist on type 'JSX.IntrinsicElements'.
src/app/admin/page.tsx(768,41): error TS2339: Property 'div' does not exist on type 'JSX.IntrinsicElements'.
src/app/admin/page.tsx(769,45): error TS2339: Property 'div' does not exist on type 'JSX.IntrinsicElements'.
src/app/admin/page.tsx(770,49): error TS2339: Property 'h2' does not exist on type 'JSX.IntrinsicElements'.
src/app/admin/page.tsx(770,146): error TS2339: Property 'h2' does not exist on type 'JSX.IntrinsicElements'.
src/app/admin/page.tsx(771,49): error TS2339: Property 'p' does not exist on type 'JSX.IntrinsicElements'.
src/app/admin/page.tsx(771,160): error TS2339: Property 'p' does not exist on type 'JSX.IntrinsicElements'.
src/app/admin/page.tsx(772,45): error TS2339: Property 'div' does not exist on type 'JSX.IntrinsicElements'.
src/app/admin/page.tsx(773,45): error TS2339: Property 'div' does not exist on type 'JSX.IntrinsicElements'.
src/app/admin/page.tsx(775,45): error TS2339: Property 'div' does not exist on type 'JSX.IntrinsicElements'.
src/app/admin/page.tsx(776,41): error TS2339: Property 'div' does not exist on type 'JSX.IntrinsicElements'.
src/app/admin/page.tsx(778,41): error TS2339: Property 'div' does not exist on type 'JSX.IntrinsicElements'.
src/app/admin/page.tsx(779,45): error TS2339: Property 'div' does not exist on type 'JSX.IntrinsicElements'.
src/app/admin/page.tsx(780,49): error TS2339: Property 'h3' does not exist on type 'JSX.IntrinsicElements'.
src/app/admin/page.tsx(782,49): error TS2339: Property 'h3' does not exist on type 'JSX.IntrinsicElements'.
src/app/admin/page.tsx(783,49): error TS2339: Property 'div' does not exist on type 'JSX.IntrinsicElements'.
src/app/admin/page.tsx(784,53): error TS2339: Property 'button' does not exist on type 'JSX.IntrinsicElements'.
src/app/admin/page.tsx(789,53): error TS2339: Property 'button' does not exist on type 'JSX.IntrinsicElements'.
src/app/admin/page.tsx(790,53): error TS2339: Property 'button' does not exist on type 'JSX.IntrinsicElements'.
src/app/admin/page.tsx(795,53): error TS2339: Property 'button' does not exist on type 'JSX.IntrinsicElements'.
src/app/admin/page.tsx(796,49): error TS2339: Property 'div' does not exist on type 'JSX.IntrinsicElements'.
src/app/admin/page.tsx(797,45): error TS2339: Property 'div' does not exist on type 'JSX.IntrinsicElements'.
src/app/admin/page.tsx(799,45): error TS2339: Property 'div' does not exist on type 'JSX.IntrinsicElements'.
src/app/admin/page.tsx(800,49): error TS2339: Property 'h3' does not exist on type 'JSX.IntrinsicElements'.
src/app/admin/page.tsx(802,49): error TS2339: Property 'h3' does not exist on type 'JSX.IntrinsicElements'.
src/app/admin/page.tsx(803,49): error TS2339: Property 'div' does not exist on type 'JSX.IntrinsicElements'.
src/app/admin/page.tsx(804,53): error TS2339: Property 'button' does not exist on type 'JSX.IntrinsicElements'.
src/app/admin/page.tsx(809,53): error TS2339: Property 'button' does not exist on type 'JSX.IntrinsicElements'.
src/app/admin/page.tsx(810,53): error TS2339: Property 'button' does not exist on type 'JSX.IntrinsicElements'.
src/app/admin/page.tsx(815,53): error TS2339: Property 'button' does not exist on type 'JSX.IntrinsicElements'.
src/app/admin/page.tsx(816,49): error TS2339: Property 'div' does not exist on type 'JSX.IntrinsicElements'.
src/app/admin/page.tsx(817,45): error TS2339: Property 'div' does not exist on type 'JSX.IntrinsicElements'.
src/app/admin/page.tsx(818,41): error TS2339: Property 'div' does not exist on type 'JSX.IntrinsicElements'.
src/app/admin/page.tsx(820,41): error TS2339: Property 'div' does not exist on type 'JSX.IntrinsicElements'.
src/app/admin/page.tsx(821,45): error TS2339: Property 'div' does not exist on type 'JSX.IntrinsicElements'.
src/app/admin/page.tsx(823,49): error TS2339: Property 'div' does not exist on type 'JSX.IntrinsicElements'.
src/app/admin/page.tsx(824,53): error TS2339: Property 'h4' does not exist on type 'JSX.IntrinsicElements'.
src/app/admin/page.tsx(824,141): error TS2339: Property 'h4' does not exist on type 'JSX.IntrinsicElements'.
src/app/admin/page.tsx(825,53): error TS2339: Property 'p' does not exist on type 'JSX.IntrinsicElements'.
src/app/admin/page.tsx(827,53): error TS2339: Property 'p' does not exist on type 'JSX.IntrinsicElements'.
src/app/admin/page.tsx(828,49): error TS2339: Property 'div' does not exist on type 'JSX.IntrinsicElements'.
src/app/admin/page.tsx(829,45): error TS2339: Property 'div' does not exist on type 'JSX.IntrinsicElements'.
src/app/admin/page.tsx(830,41): error TS2339: Property 'div' does not exist on type 'JSX.IntrinsicElements'.
src/app/admin/page.tsx(831,37): error TS2339: Property 'div' does not exist on type 'JSX.IntrinsicElements'.
src/app/admin/page.tsx(834,41): error TS2339: Property 'div' does not exist on type 'JSX.IntrinsicElements'.
src/app/admin/page.tsx(835,45): error TS2339: Property 'div' does not exist on type 'JSX.IntrinsicElements'.
src/app/admin/page.tsx(836,49): error TS2339: Property 'h2' does not exist on type 'JSX.IntrinsicElements'.
src/app/admin/page.tsx(836,141): error TS2339: Property 'h2' does not exist on type 'JSX.IntrinsicElements'.
src/app/admin/page.tsx(837,49): error TS2339: Property 'p' does not exist on type 'JSX.IntrinsicElements'.
src/app/admin/page.tsx(837,166): error TS2339: Property 'p' does not exist on type 'JSX.IntrinsicElements'.
src/app/admin/page.tsx(838,45): error TS2339: Property 'div' does not exist on type 'JSX.IntrinsicElements'.
src/app/admin/page.tsx(839,45): error TS2339: Property 'div' does not exist on type 'JSX.IntrinsicElements'.
src/app/admin/page.tsx(841,45): error TS2339: Property 'div' does not exist on type 'JSX.IntrinsicElements'.
src/app/admin/page.tsx(842,41): error TS2339: Property 'div' does not exist on type 'JSX.IntrinsicElements'.
src/app/admin/page.tsx(859,33): error TS2339: Property 'h2' does not exist on type 'JSX.IntrinsicElements'.
src/app/admin/page.tsx(859,164): error TS2339: Property 'h2' does not exist on type 'JSX.IntrinsicElements'.
src/app/admin/page.tsx(860,33): error TS2339: Property 'div' does not exist on type 'JSX.IntrinsicElements'.
src/app/admin/page.tsx(862,41): error TS2339: Property 'div' does not exist on type 'JSX.IntrinsicElements'.
src/app/admin/page.tsx(862,83): error TS2339: Property 'div' does not exist on type 'JSX.IntrinsicElements'.
src/app/admin/page.tsx(862,162): error TS2339: Property 'div' does not exist on type 'JSX.IntrinsicElements'.
src/app/admin/page.tsx(862,168): error TS2339: Property 'div' does not exist on type 'JSX.IntrinsicElements'.
src/app/admin/page.tsx(864,41): error TS2339: Property 'p' does not exist on type 'JSX.IntrinsicElements'.
src/app/admin/page.tsx(864,209): error TS2339: Property 'p' does not exist on type 'JSX.IntrinsicElements'.
src/app/admin/page.tsx(866,41): error TS2339: Property 'div' does not exist on type 'JSX.IntrinsicElements'.
src/app/admin/page.tsx(867,45): error TS2339: Property 'div' does not exist on type 'JSX.IntrinsicElements'.
src/app/admin/page.tsx(869,45): error TS2339: Property 'div' does not exist on type 'JSX.IntrinsicElements'.
src/app/admin/page.tsx(870,45): error TS2339: Property 'div' does not exist on type 'JSX.IntrinsicElements'.
src/app/admin/page.tsx(871,49): error TS2339: Property 'h4' does not exist on type 'JSX.IntrinsicElements'.
src/app/admin/page.tsx(871,158): error TS2339: Property 'h4' does not exist on type 'JSX.IntrinsicElements'.
src/app/admin/page.tsx(872,49): error TS2339: Property 'p' does not exist on type 'JSX.IntrinsicElements'.
src/app/admin/page.tsx(872,241): error TS2339: Property 'p' does not exist on type 'JSX.IntrinsicElements'.
src/app/admin/page.tsx(873,45): error TS2339: Property 'div' does not exist on type 'JSX.IntrinsicElements'.
src/app/admin/page.tsx(874,45): error TS2339: Property 'div' does not exist on type 'JSX.IntrinsicElements'.
src/app/admin/page.tsx(876,45): error TS2339: Property 'div' does not exist on type 'JSX.IntrinsicElements'.
src/app/admin/page.tsx(877,41): error TS2339: Property 'div' does not exist on type 'JSX.IntrinsicElements'.
src/app/admin/page.tsx(879,33): error TS2339: Property 'div' does not exist on type 'JSX.IntrinsicElements'.
src/app/admin/page.tsx(889,33): error TS2339: Property 'div' does not exist on type 'JSX.IntrinsicElements'.
src/app/admin/page.tsx(890,37): error TS2339: Property 'div' does not exist on type 'JSX.IntrinsicElements'.
src/app/admin/page.tsx(891,41): error TS2339: Property 'div' does not exist on type 'JSX.IntrinsicElements'.
src/app/admin/page.tsx(892,45): error TS2339: Property 'h2' does not exist on type 'JSX.IntrinsicElements'.
src/app/admin/page.tsx(892,168): error TS2339: Property 'h2' does not exist on type 'JSX.IntrinsicElements'.
src/app/admin/page.tsx(893,45): error TS2339: Property 'p' does not exist on type 'JSX.IntrinsicElements'.
src/app/admin/page.tsx(895,45): error TS2339: Property 'p' does not exist on type 'JSX.IntrinsicElements'.
src/app/admin/page.tsx(896,41): error TS2339: Property 'div' does not exist on type 'JSX.IntrinsicElements'.
src/app/admin/page.tsx(897,41): error TS2339: Property 'div' does not exist on type 'JSX.IntrinsicElements'.
src/app/admin/page.tsx(898,45): error TS2339: Property 'button' does not exist on type 'JSX.IntrinsicElements'.
src/app/admin/page.tsx(903,45): error TS2339: Property 'button' does not exist on type 'JSX.IntrinsicElements'.
src/app/admin/page.tsx(904,45): error TS2339: Property 'button' does not exist on type 'JSX.IntrinsicElements'.
src/app/admin/page.tsx(909,45): error TS2339: Property 'button' does not exist on type 'JSX.IntrinsicElements'.
src/app/admin/page.tsx(910,41): error TS2339: Property 'div' does not exist on type 'JSX.IntrinsicElements'.
src/app/admin/page.tsx(911,37): error TS2339: Property 'div' does not exist on type 'JSX.IntrinsicElements'.
src/app/admin/page.tsx(913,37): error TS2339: Property 'div' does not exist on type 'JSX.IntrinsicElements'.
src/app/admin/page.tsx(915,45): error TS2339: Property 'div' does not exist on type 'JSX.IntrinsicElements'.
src/app/admin/page.tsx(915,87): error TS2339: Property 'div' does not exist on type 'JSX.IntrinsicElements'.
src/app/admin/page.tsx(915,165): error TS2339: Property 'div' does not exist on type 'JSX.IntrinsicElements'.
src/app/admin/page.tsx(915,171): error TS2339: Property 'div' does not exist on type 'JSX.IntrinsicElements'.
src/app/admin/page.tsx(936,57): error TS2339: Property 'div' does not exist on type 'JSX.IntrinsicElements'.
src/app/admin/page.tsx(940,65): error TS2339: Property 'div' does not exist on type 'JSX.IntrinsicElements'.
src/app/admin/page.tsx(942,57): error TS2339: Property 'button' does not exist on type 'JSX.IntrinsicElements'.
src/app/admin/page.tsx(947,57): error TS2339: Property 'button' does not exist on type 'JSX.IntrinsicElements'.
src/app/admin/page.tsx(949,57): error TS2339: Property 'div' does not exist on type 'JSX.IntrinsicElements'.
src/app/admin/page.tsx(950,61): error TS2339: Property 'div' does not exist on type 'JSX.IntrinsicElements'.
src/app/admin/page.tsx(951,65): error TS2339: Property 'div' does not exist on type 'JSX.IntrinsicElements'.
src/app/admin/page.tsx(952,69): error TS2339: Property 'span' does not exist on type 'JSX.IntrinsicElements'.
src/app/admin/page.tsx(952,166): error TS2339: Property 'span' does not exist on type 'JSX.IntrinsicElements'.
src/app/admin/page.tsx(953,69): error TS2339: Property 'div' does not exist on type 'JSX.IntrinsicElements'.
src/app/admin/page.tsx(955,69): error TS2339: Property 'div' does not exist on type 'JSX.IntrinsicElements'.
src/app/admin/page.tsx(956,65): error TS2339: Property 'div' does not exist on type 'JSX.IntrinsicElements'.
src/app/admin/page.tsx(957,65): error TS2339: Property 'div' does not exist on type 'JSX.IntrinsicElements'.
src/app/admin/page.tsx(958,69): error TS2339: Property 'span' does not exist on type 'JSX.IntrinsicElements'.
src/app/admin/page.tsx(958,168): error TS2339: Property 'span' does not exist on type 'JSX.IntrinsicElements'.
src/app/admin/page.tsx(959,69): error TS2339: Property 'div' does not exist on type 'JSX.IntrinsicElements'.
src/app/admin/page.tsx(960,73): error TS2339: Property 'div' does not exist on type 'JSX.IntrinsicElements'.
src/app/admin/page.tsx(963,73): error TS2339: Property 'div' does not exist on type 'JSX.IntrinsicElements'.
src/app/admin/page.tsx(964,73): error TS2339: Property 'div' does not exist on type 'JSX.IntrinsicElements'.
src/app/admin/page.tsx(966,73): error TS2339: Property 'div' does not exist on type 'JSX.IntrinsicElements'.
src/app/admin/page.tsx(967,69): error TS2339: Property 'div' does not exist on type 'JSX.IntrinsicElements'.
src/app/admin/page.tsx(968,65): error TS2339: Property 'div' does not exist on type 'JSX.IntrinsicElements'.
src/app/admin/page.tsx(969,61): error TS2339: Property 'div' does not exist on type 'JSX.IntrinsicElements'.
src/app/admin/page.tsx(971,61): error TS2339: Property 'div' does not exist on type 'JSX.IntrinsicElements'.
src/app/admin/page.tsx(972,65): error TS2339: Property 'div' does not exist on type 'JSX.IntrinsicElements'.
src/app/admin/page.tsx(973,69): error TS2339: Property 'h4' does not exist on type 'JSX.IntrinsicElements'.
src/app/admin/page.tsx(973,169): error TS2339: Property 'h4' does not exist on type 'JSX.IntrinsicElements'.
src/app/admin/page.tsx(974,69): error TS2339: Property 'div' does not exist on type 'JSX.IntrinsicElements'.
src/app/admin/page.tsx(976,69): error TS2339: Property 'div' does not exist on type 'JSX.IntrinsicElements'.
src/app/admin/page.tsx(978,73): error TS2339: Property 'div' does not exist on type 'JSX.IntrinsicElements'.
src/app/admin/page.tsx(980,73): error TS2339: Property 'div' does not exist on type 'JSX.IntrinsicElements'.
src/app/admin/page.tsx(982,65): error TS2339: Property 'div' does not exist on type 'JSX.IntrinsicElements'.
src/app/admin/page.tsx(984,65): error TS2339: Property 'div' does not exist on type 'JSX.IntrinsicElements'.
src/app/admin/page.tsx(985,69): error TS2339: Property 'div' does not exist on type 'JSX.IntrinsicElements'.
src/app/admin/page.tsx(987,69): error TS2339: Property 'div' does not exist on type 'JSX.IntrinsicElements'.
src/app/admin/page.tsx(988,69): error TS2339: Property 'p' does not exist on type 'JSX.IntrinsicElements'.
src/app/admin/page.tsx(990,69): error TS2339: Property 'p' does not exist on type 'JSX.IntrinsicElements'.
src/app/admin/page.tsx(991,65): error TS2339: Property 'div' does not exist on type 'JSX.IntrinsicElements'.
src/app/admin/page.tsx(993,65): error TS2339: Property 'div' does not exist on type 'JSX.IntrinsicElements'.
src/app/admin/page.tsx(994,69): error TS2339: Property 'div' does not exist on type 'JSX.IntrinsicElements'.
src/app/admin/page.tsx(996,73): error TS2339: Property 'span' does not exist on type 'JSX.IntrinsicElements'.
src/app/admin/page.tsx(997,77): error TS2339: Property 'strong' does not exist on type 'JSX.IntrinsicElements'.
src/app/admin/page.tsx(997,169): error TS2339: Property 'strong' does not exist on type 'JSX.IntrinsicElements'.
src/app/admin/page.tsx(999,73): error TS2339: Property 'span' does not exist on type 'JSX.IntrinsicElements'.
src/app/admin/page.tsx(1000,69): error TS2339: Property 'div' does not exist on type 'JSX.IntrinsicElements'.
src/app/admin/page.tsx(1001,69): error TS2339: Property 'div' does not exist on type 'JSX.IntrinsicElements'.
src/app/admin/page.tsx(1003,73): error TS2339: Property 'span' does not exist on type 'JSX.IntrinsicElements'.
src/app/admin/page.tsx(1004,77): error TS2339: Property 'strong' does not exist on type 'JSX.IntrinsicElements'.
src/app/admin/page.tsx(1004,168): error TS2339: Property 'strong' does not exist on type 'JSX.IntrinsicElements'.
src/app/admin/page.tsx(1006,73): error TS2339: Property 'span' does not exist on type 'JSX.IntrinsicElements'.
src/app/admin/page.tsx(1007,69): error TS2339: Property 'div' does not exist on type 'JSX.IntrinsicElements'.
src/app/admin/page.tsx(1008,65): error TS2339: Property 'div' does not exist on type 'JSX.IntrinsicElements'.
src/app/admin/page.tsx(1011,69): error TS2339: Property 'div' does not exist on type 'JSX.IntrinsicElements'.
src/app/admin/page.tsx(1013,73): error TS2339: Property 'p' does not exist on type 'JSX.IntrinsicElements'.
src/app/admin/page.tsx(1015,73): error TS2339: Property 'p' does not exist on type 'JSX.IntrinsicElements'.
src/app/admin/page.tsx(1016,69): error TS2339: Property 'div' does not exist on type 'JSX.IntrinsicElements'.
src/app/admin/page.tsx(1018,61): error TS2339: Property 'div' does not exist on type 'JSX.IntrinsicElements'.
src/app/admin/page.tsx(1020,61): error TS2339: Property 'div' does not exist on type 'JSX.IntrinsicElements'.
src/app/admin/page.tsx(1021,65): error TS2339: Property 'div' does not exist on type 'JSX.IntrinsicElements'.
src/app/admin/page.tsx(1022,69): error TS2339: Property 'div' does not exist on type 'JSX.IntrinsicElements'.
src/app/admin/page.tsx(1023,73): error TS2339: Property 'span' does not exist on type 'JSX.IntrinsicElements'.
src/app/admin/page.tsx(1023,96): error TS2339: Property 'span' does not exist on type 'JSX.IntrinsicElements'.
src/app/admin/page.tsx(1024,73): error TS2339: Property 'span' does not exist on type 'JSX.IntrinsicElements'.
src/app/admin/page.tsx(1024,187): error TS2339: Property 'span' does not exist on type 'JSX.IntrinsicElements'.
src/app/admin/page.tsx(1025,69): error TS2339: Property 'div' does not exist on type 'JSX.IntrinsicElements'.
src/app/admin/page.tsx(1026,69): error TS2339: Property 'div' does not exist on type 'JSX.IntrinsicElements'.
src/app/admin/page.tsx(1033,77): error TS2339: Property 'button' does not exist on type 'JSX.IntrinsicElements'.
src/app/admin/page.tsx(1042,77): error TS2339: Property 'button' does not exist on type 'JSX.IntrinsicElements'.
src/app/admin/page.tsx(1044,69): error TS2339: Property 'div' does not exist on type 'JSX.IntrinsicElements'.
src/app/admin/page.tsx(1045,65): error TS2339: Property 'div' does not exist on type 'JSX.IntrinsicElements'.
src/app/admin/page.tsx(1047,65): error TS2339: Property 'div' does not exist on type 'JSX.IntrinsicElements'.
src/app/admin/page.tsx(1048,69): error TS2339: Property 'div' does not exist on type 'JSX.IntrinsicElements'.
src/app/admin/page.tsx(1049,73): error TS2339: Property 'span' does not exist on type 'JSX.IntrinsicElements'.
src/app/admin/page.tsx(1049,177): error TS2339: Property 'span' does not exist on type 'JSX.IntrinsicElements'.
src/app/admin/page.tsx(1050,73): error TS2339: Property 'span' does not exist on type 'JSX.IntrinsicElements'.
src/app/admin/page.tsx(1052,73): error TS2339: Property 'span' does not exist on type 'JSX.IntrinsicElements'.
src/app/admin/page.tsx(1053,69): error TS2339: Property 'div' does not exist on type 'JSX.IntrinsicElements'.
src/app/admin/page.tsx(1054,69): error TS2339: Property 'div' does not exist on type 'JSX.IntrinsicElements'.
src/app/admin/page.tsx(1056,69): error TS2339: Property 'div' does not exist on type 'JSX.IntrinsicElements'.
src/app/admin/page.tsx(1057,65): error TS2339: Property 'div' does not exist on type 'JSX.IntrinsicElements'.
src/app/admin/page.tsx(1058,61): error TS2339: Property 'div' does not exist on type 'JSX.IntrinsicElements'.
src/app/admin/page.tsx(1059,57): error TS2339: Property 'div' does not exist on type 'JSX.IntrinsicElements'.
src/app/admin/page.tsx(1071,57): error TS2339: Property 'div' does not exist on type 'JSX.IntrinsicElements'.
src/app/admin/page.tsx(1073,61): error TS2339: Property 'p' does not exist on type 'JSX.IntrinsicElements'.
src/app/admin/page.tsx(1073,158): error TS2339: Property 'p' does not exist on type 'JSX.IntrinsicElements'.
src/app/admin/page.tsx(1074,57): error TS2339: Property 'div' does not exist on type 'JSX.IntrinsicElements'.
src/app/admin/page.tsx(1085,57): error TS2339: Property 'div' does not exist on type 'JSX.IntrinsicElements'.
src/app/admin/page.tsx(1087,61): error TS2339: Property 'p' does not exist on type 'JSX.IntrinsicElements'.
src/app/admin/page.tsx(1087,160): error TS2339: Property 'p' does not exist on type 'JSX.IntrinsicElements'.
src/app/admin/page.tsx(1088,57): error TS2339: Property 'div' does not exist on type 'JSX.IntrinsicElements'.
src/app/admin/page.tsx(1106,57): error TS2339: Property 'div' does not exist on type 'JSX.IntrinsicElements'.
src/app/admin/page.tsx(1107,61): error TS2339: Property 'button' does not exist on type 'JSX.IntrinsicElements'.
src/app/admin/page.tsx(1111,65): error TS2339: Property 'div' does not exist on type 'JSX.IntrinsicElements'.
src/app/admin/page.tsx(1111,132): error TS2339: Property 'div' does not exist on type 'JSX.IntrinsicElements'.
src/app/admin/page.tsx(1112,65): error TS2339: Property 'div' does not exist on type 'JSX.IntrinsicElements'.
src/app/admin/page.tsx(1113,69): error TS2339: Property 'h3' does not exist on type 'JSX.IntrinsicElements'.
src/app/admin/page.tsx(1113,199): error TS2339: Property 'h3' does not exist on type 'JSX.IntrinsicElements'.
src/app/admin/page.tsx(1118,65): error TS2339: Property 'div' does not exist on type 'JSX.IntrinsicElements'.
src/app/admin/page.tsx(1119,65): error TS2339: Property 'div' does not exist on type 'JSX.IntrinsicElements'.
src/app/admin/page.tsx(1119,132): error TS2339: Property 'div' does not exist on type 'JSX.IntrinsicElements'.
src/app/admin/page.tsx(1120,61): error TS2339: Property 'button' does not exist on type 'JSX.IntrinsicElements'.
src/app/admin/page.tsx(1130,73): error TS2339: Property 'div' does not exist on type 'JSX.IntrinsicElements'.
src/app/admin/page.tsx(1132,73): error TS2339: Property 'div' does not exist on type 'JSX.IntrinsicElements'.
src/app/admin/page.tsx(1136,57): error TS2339: Property 'div' does not exist on type 'JSX.IntrinsicElements'.
src/app/admin/page.tsx(1141,37): error TS2339: Property 'div' does not exist on type 'JSX.IntrinsicElements'.
src/app/admin/page.tsx(1142,33): error TS2339: Property 'div' does not exist on type 'JSX.IntrinsicElements'.
src/app/admin/page.tsx(1151,33): error TS2339: Property 'h2' does not exist on type 'JSX.IntrinsicElements'.
src/app/admin/page.tsx(1151,116): error TS2339: Property 'h2' does not exist on type 'JSX.IntrinsicElements'.
src/app/admin/page.tsx(1152,33): error TS2339: Property 'div' does not exist on type 'JSX.IntrinsicElements'.
src/app/admin/page.tsx(1153,37): error TS2339: Property 'div' does not exist on type 'JSX.IntrinsicElements'.
src/app/admin/page.tsx(1154,41): error TS2339: Property 'div' does not exist on type 'JSX.IntrinsicElements'.
src/app/admin/page.tsx(1155,45): error TS2339: Property 'label' does not exist on type 'JSX.IntrinsicElements'.
src/app/admin/page.tsx(1155,148): error TS2339: Property 'label' does not exist on type 'JSX.IntrinsicElements'.
src/app/admin/page.tsx(1156,45): error TS2339: Property 'input' does not exist on type 'JSX.IntrinsicElements'.
src/app/admin/page.tsx(1157,41): error TS2339: Property 'div' does not exist on type 'JSX.IntrinsicElements'.
src/app/admin/page.tsx(1159,41): error TS2339: Property 'div' does not exist on type 'JSX.IntrinsicElements'.
src/app/admin/page.tsx(1160,45): error TS2339: Property 'label' does not exist on type 'JSX.IntrinsicElements'.
src/app/admin/page.tsx(1162,45): error TS2339: Property 'label' does not exist on type 'JSX.IntrinsicElements'.
src/app/admin/page.tsx(1163,45): error TS2339: Property 'div' does not exist on type 'JSX.IntrinsicElements'.
src/app/admin/page.tsx(1164,49): error TS2339: Property 'code' does not exist on type 'JSX.IntrinsicElements'.
src/app/admin/page.tsx(1166,49): error TS2339: Property 'code' does not exist on type 'JSX.IntrinsicElements'.
src/app/admin/page.tsx(1167,45): error TS2339: Property 'div' does not exist on type 'JSX.IntrinsicElements'.
src/app/admin/page.tsx(1168,45): error TS2339: Property 'p' does not exist on type 'JSX.IntrinsicElements'.
src/app/admin/page.tsx(1169,76): error TS2339: Property 'strong' does not exist on type 'JSX.IntrinsicElements'.
src/app/admin/page.tsx(1169,119): error TS2339: Property 'strong' does not exist on type 'JSX.IntrinsicElements'.
src/app/admin/page.tsx(1170,45): error TS2339: Property 'p' does not exist on type 'JSX.IntrinsicElements'.
src/app/admin/page.tsx(1171,41): error TS2339: Property 'div' does not exist on type 'JSX.IntrinsicElements'.
src/app/admin/page.tsx(1172,37): error TS2339: Property 'div' does not exist on type 'JSX.IntrinsicElements'.
src/app/admin/page.tsx(1173,37): error TS2339: Property 'div' does not exist on type 'JSX.IntrinsicElements'.
src/app/admin/page.tsx(1174,41): error TS2339: Property 'label' does not exist on type 'JSX.IntrinsicElements'.
src/app/admin/page.tsx(1174,143): error TS2339: Property 'label' does not exist on type 'JSX.IntrinsicElements'.
src/app/admin/page.tsx(1175,41): error TS2339: Property 'input' does not exist on type 'JSX.IntrinsicElements'.
src/app/admin/page.tsx(1176,37): error TS2339: Property 'div' does not exist on type 'JSX.IntrinsicElements'.
src/app/admin/page.tsx(1177,37): error TS2339: Property 'div' does not exist on type 'JSX.IntrinsicElements'.
src/app/admin/page.tsx(1178,41): error TS2339: Property 'label' does not exist on type 'JSX.IntrinsicElements'.
src/app/admin/page.tsx(1178,149): error TS2339: Property 'label' does not exist on type 'JSX.IntrinsicElements'.
src/app/admin/page.tsx(1179,41): error TS2339: Property 'input' does not exist on type 'JSX.IntrinsicElements'.
src/app/admin/page.tsx(1186,37): error TS2339: Property 'div' does not exist on type 'JSX.IntrinsicElements'.
src/app/admin/page.tsx(1187,37): error TS2339: Property 'button' does not exist on type 'JSX.IntrinsicElements'.
src/app/admin/page.tsx(1187,200): error TS2339: Property 'button' does not exist on type 'JSX.IntrinsicElements'.
src/app/admin/page.tsx(1188,33): error TS2339: Property 'div' does not exist on type 'JSX.IntrinsicElements'.
src/app/admin/page.tsx(1192,17): error TS2339: Property 'div' does not exist on type 'JSX.IntrinsicElements'.
src/app/admin/page.tsx(1193,13): error TS2339: Property 'main' does not exist on type 'JSX.IntrinsicElements'.
src/app/admin/page.tsx(1196,13): error TS2339: Property 'nav' does not exist on type 'JSX.IntrinsicElements'.
src/app/admin/page.tsx(1203,25): error TS2339: Property 'button' does not exist on type 'JSX.IntrinsicElements'.
src/app/admin/page.tsx(1209,25): error TS2339: Property 'button' does not exist on type 'JSX.IntrinsicElements'.
src/app/admin/page.tsx(1216,25): error TS2339: Property 'button' does not exist on type 'JSX.IntrinsicElements'.
src/app/admin/page.tsx(1221,25): error TS2339: Property 'button' does not exist on type 'JSX.IntrinsicElements'.
src/app/admin/page.tsx(1224,13): error TS2339: Property 'nav' does not exist on type 'JSX.IntrinsicElements'.
src/app/admin/page.tsx(1230,25): error TS2339: Property 'div' does not exist on type 'JSX.IntrinsicElements'.
src/app/admin/page.tsx(1244,33): error TS2339: Property 'div' does not exist on type 'JSX.IntrinsicElements'.
src/app/admin/page.tsx(1245,37): error TS2339: Property 'div' does not exist on type 'JSX.IntrinsicElements'.
src/app/admin/page.tsx(1246,41): error TS2339: Property 'h3' does not exist on type 'JSX.IntrinsicElements'.
src/app/admin/page.tsx(1246,140): error TS2339: Property 'h3' does not exist on type 'JSX.IntrinsicElements'.
src/app/admin/page.tsx(1247,41): error TS2339: Property 'p' does not exist on type 'JSX.IntrinsicElements'.
src/app/admin/page.tsx(1247,144): error TS2339: Property 'p' does not exist on type 'JSX.IntrinsicElements'.
src/app/admin/page.tsx(1248,37): error TS2339: Property 'div' does not exist on type 'JSX.IntrinsicElements'.
src/app/admin/page.tsx(1249,37): error TS2339: Property 'button' does not exist on type 'JSX.IntrinsicElements'.
src/app/admin/page.tsx(1254,37): error TS2339: Property 'button' does not exist on type 'JSX.IntrinsicElements'.
src/app/admin/page.tsx(1255,33): error TS2339: Property 'div' does not exist on type 'JSX.IntrinsicElements'.
src/app/admin/page.tsx(1257,33): error TS2339: Property 'div' does not exist on type 'JSX.IntrinsicElements'.
src/app/admin/page.tsx(1259,41): error TS2339: Property 'div' does not exist on type 'JSX.IntrinsicElements'.
src/app/admin/page.tsx(1260,45): error TS2339: Property 'div' does not exist on type 'JSX.IntrinsicElements'.
src/app/admin/page.tsx(1260,126): error TS2339: Property 'div' does not exist on type 'JSX.IntrinsicElements'.
src/app/admin/page.tsx(1261,41): error TS2339: Property 'div' does not exist on type 'JSX.IntrinsicElements'.
src/app/admin/page.tsx(1265,45): error TS2339: Property 'div' does not exist on type 'JSX.IntrinsicElements'.
src/app/admin/page.tsx(1266,49): error TS2339: Property 'h4' does not exist on type 'JSX.IntrinsicElements'.
src/app/admin/page.tsx(1268,49): error TS2339: Property 'h4' does not exist on type 'JSX.IntrinsicElements'.
src/app/admin/page.tsx(1270,53): error TS2339: Property 'p' does not exist on type 'JSX.IntrinsicElements'.
src/app/admin/page.tsx(1270,136): error TS2339: Property 'p' does not exist on type 'JSX.IntrinsicElements'.
src/app/admin/page.tsx(1272,53): error TS2339: Property 'div' does not exist on type 'JSX.IntrinsicElements'.
src/app/admin/page.tsx(1274,61): error TS2339: Property 'div' does not exist on type 'JSX.IntrinsicElements'.
src/app/admin/page.tsx(1275,65): error TS2339: Property 'div' does not exist on type 'JSX.IntrinsicElements'.
src/app/admin/page.tsx(1276,69): error TS2339: Property 'p' does not exist on type 'JSX.IntrinsicElements'.
src/app/admin/page.tsx(1276,160): error TS2339: Property 'p' does not exist on type 'JSX.IntrinsicElements'.
src/app/admin/page.tsx(1277,69): error TS2339: Property 'p' does not exist on type 'JSX.IntrinsicElements'.
src/app/admin/page.tsx(1277,154): error TS2339: Property 'p' does not exist on type 'JSX.IntrinsicElements'.
src/app/admin/page.tsx(1278,65): error TS2339: Property 'div' does not exist on type 'JSX.IntrinsicElements'.
src/app/admin/page.tsx(1279,65): error TS2339: Property 'div' does not exist on type 'JSX.IntrinsicElements'.
src/app/admin/page.tsx(1280,69): error TS2339: Property 'span' does not exist on type 'JSX.IntrinsicElements'.
src/app/admin/page.tsx(1280,150): error TS2339: Property 'span' does not exist on type 'JSX.IntrinsicElements'.
src/app/admin/page.tsx(1281,65): error TS2339: Property 'div' does not exist on type 'JSX.IntrinsicElements'.
src/app/admin/page.tsx(1282,61): error TS2339: Property 'div' does not exist on type 'JSX.IntrinsicElements'.
src/app/admin/page.tsx(1284,53): error TS2339: Property 'div' does not exist on type 'JSX.IntrinsicElements'.
src/app/admin/page.tsx(1286,45): error TS2339: Property 'div' does not exist on type 'JSX.IntrinsicElements'.
src/app/admin/page.tsx(1289,45): error TS2339: Property 'div' does not exist on type 'JSX.IntrinsicElements'.
src/app/admin/page.tsx(1290,49): error TS2339: Property 'h4' does not exist on type 'JSX.IntrinsicElements'.
src/app/admin/page.tsx(1292,49): error TS2339: Property 'h4' does not exist on type 'JSX.IntrinsicElements'.
src/app/admin/page.tsx(1294,53): error TS2339: Property 'p' does not exist on type 'JSX.IntrinsicElements'.
src/app/admin/page.tsx(1294,126): error TS2339: Property 'p' does not exist on type 'JSX.IntrinsicElements'.
src/app/admin/page.tsx(1296,53): error TS2339: Property 'div' does not exist on type 'JSX.IntrinsicElements'.
src/app/admin/page.tsx(1298,61): error TS2339: Property 'div' does not exist on type 'JSX.IntrinsicElements'.
src/app/admin/page.tsx(1299,65): error TS2339: Property 'div' does not exist on type 'JSX.IntrinsicElements'.
src/app/admin/page.tsx(1300,69): error TS2339: Property 'p' does not exist on type 'JSX.IntrinsicElements'.
src/app/admin/page.tsx(1300,176): error TS2339: Property 'p' does not exist on type 'JSX.IntrinsicElements'.
src/app/admin/page.tsx(1301,69): error TS2339: Property 'p' does not exist on type 'JSX.IntrinsicElements'.
src/app/admin/page.tsx(1301,136): error TS2339: Property 'p' does not exist on type 'JSX.IntrinsicElements'.
src/app/admin/page.tsx(1302,65): error TS2339: Property 'div' does not exist on type 'JSX.IntrinsicElements'.
src/app/admin/page.tsx(1303,65): error TS2339: Property 'span' does not exist on type 'JSX.IntrinsicElements'.
src/app/admin/page.tsx(1303,173): error TS2339: Property 'span' does not exist on type 'JSX.IntrinsicElements'.
src/app/admin/page.tsx(1304,61): error TS2339: Property 'div' does not exist on type 'JSX.IntrinsicElements'.
src/app/admin/page.tsx(1306,53): error TS2339: Property 'div' does not exist on type 'JSX.IntrinsicElements'.
src/app/admin/page.tsx(1308,45): error TS2339: Property 'div' does not exist on type 'JSX.IntrinsicElements'.
src/app/admin/page.tsx(1311,33): error TS2339: Property 'div' does not exist on type 'JSX.IntrinsicElements'.
src/app/admin/page.tsx(1313,25): error TS2339: Property 'div' does not exist on type 'JSX.IntrinsicElements'.
src/app/admin/page.tsx(1317,9): error TS2339: Property 'div' does not exist on type 'JSX.IntrinsicElements'.
src/app/super-admin/page.tsx(38,8): error TS2792: Cannot find module 'lucide-react'. Did you mean to set the 'moduleResolution' option to 'nodenext', or to add aliases to the 'paths' option?
src/app/super-admin/page.tsx(39,35): error TS2792: Cannot find module '@/components/dashboard/SuperAdminSidebar'. Did you mean to set the 'moduleResolution' option to 'nodenext', or to add aliases to the 'paths' option?
src/app/super-admin/page.tsx(40,34): error TS2792: Cannot find module '@/components/dashboard/SuperAdminHeader'. Did you mean to set the 'moduleResolution' option to 'nodenext', or to add aliases to the 'paths' option?
src/app/super-admin/page.tsx(41,31): error TS2792: Cannot find module '@/components/dashboard/SalesLeadCard'. Did you mean to set the 'moduleResolution' option to 'nodenext', or to add aliases to the 'paths' option?
src/app/super-admin/page.tsx(47,8): error TS2792: Cannot find module 'chart.js'. Did you mean to set the 'moduleResolution' option to 'nodenext', or to add aliases to the 'paths' option?
src/app/super-admin/page.tsx(48,41): error TS2792: Cannot find module 'framer-motion'. Did you mean to set the 'moduleResolution' option to 'nodenext', or to add aliases to the 'paths' option?
src/app/super-admin/page.tsx(50,27): error TS2792: Cannot find module 'next/navigation'. Did you mean to set the 'moduleResolution' option to 'nodenext', or to add aliases to the 'paths' option?
src/app/super-admin/page.tsx(81,40): error TS1323: Dynamic imports are only supported when the '--module' flag is set to 'es2020', 'es2022', 'esnext', 'commonjs', 'amd', 'system', 'umd', 'node16', 'node18', 'node20', or 'nodenext'.
src/app/super-admin/page.tsx(81,47): error TS2792: Cannot find module '@/lib/supabase'. Did you mean to set the 'moduleResolution' option to 'nodenext', or to add aliases to the 'paths' option?
src/app/super-admin/page.tsx(99,40): error TS1323: Dynamic imports are only supported when the '--module' flag is set to 'es2020', 'es2022', 'esnext', 'commonjs', 'amd', 'system', 'umd', 'node16', 'node18', 'node20', or 'nodenext'.
src/app/super-admin/page.tsx(99,47): error TS2792: Cannot find module '@/lib/supabase'. Did you mean to set the 'moduleResolution' option to 'nodenext', or to add aliases to the 'paths' option?
src/app/super-admin/page.tsx(158,44): error TS1323: Dynamic imports are only supported when the '--module' flag is set to 'es2020', 'es2022', 'esnext', 'commonjs', 'amd', 'system', 'umd', 'node16', 'node18', 'node20', or 'nodenext'.
src/app/super-admin/page.tsx(158,51): error TS2792: Cannot find module '@/lib/supabase'. Did you mean to set the 'moduleResolution' option to 'nodenext', or to add aliases to the 'paths' option?
src/app/super-admin/page.tsx(248,40): error TS1323: Dynamic imports are only supported when the '--module' flag is set to 'es2020', 'es2022', 'esnext', 'commonjs', 'amd', 'system', 'umd', 'node16', 'node18', 'node20', or 'nodenext'.
src/app/super-admin/page.tsx(248,47): error TS2792: Cannot find module '@/lib/supabase'. Did you mean to set the 'moduleResolution' option to 'nodenext', or to add aliases to the 'paths' option?
src/app/super-admin/page.tsx(309,40): error TS1323: Dynamic imports are only supported when the '--module' flag is set to 'es2020', 'es2022', 'esnext', 'commonjs', 'amd', 'system', 'umd', 'node16', 'node18', 'node20', or 'nodenext'.
src/app/super-admin/page.tsx(309,47): error TS2792: Cannot find module '@/lib/supabase'. Did you mean to set the 'moduleResolution' option to 'nodenext', or to add aliases to the 'paths' option?
src/app/super-admin/page.tsx(330,40): error TS1323: Dynamic imports are only supported when the '--module' flag is set to 'es2020', 'es2022', 'esnext', 'commonjs', 'amd', 'system', 'umd', 'node16', 'node18', 'node20', or 'nodenext'.
src/app/super-admin/page.tsx(330,47): error TS2792: Cannot find module '@/lib/supabase'. Did you mean to set the 'moduleResolution' option to 'nodenext', or to add aliases to the 'paths' option?
src/app/super-admin/page.tsx(346,36): error TS1323: Dynamic imports are only supported when the '--module' flag is set to 'es2020', 'es2022', 'esnext', 'commonjs', 'amd', 'system', 'umd', 'node16', 'node18', 'node20', or 'nodenext'.
src/app/super-admin/page.tsx(346,43): error TS2792: Cannot find module '@/lib/supabase'. Did you mean to set the 'moduleResolution' option to 'nodenext', or to add aliases to the 'paths' option?
src/app/super-admin/page.tsx(360,36): error TS1323: Dynamic imports are only supported when the '--module' flag is set to 'es2020', 'es2022', 'esnext', 'commonjs', 'amd', 'system', 'umd', 'node16', 'node18', 'node20', or 'nodenext'.
src/app/super-admin/page.tsx(360,43): error TS2792: Cannot find module '@/lib/supabase'. Did you mean to set the 'moduleResolution' option to 'nodenext', or to add aliases to the 'paths' option?
src/app/super-admin/page.tsx(376,40): error TS1323: Dynamic imports are only supported when the '--module' flag is set to 'es2020', 'es2022', 'esnext', 'commonjs', 'amd', 'system', 'umd', 'node16', 'node18', 'node20', or 'nodenext'.
src/app/super-admin/page.tsx(376,47): error TS2792: Cannot find module '@/lib/supabase'. Did you mean to set the 'moduleResolution' option to 'nodenext', or to add aliases to the 'paths' option?
src/app/super-admin/page.tsx(403,40): error TS1323: Dynamic imports are only supported when the '--module' flag is set to 'es2020', 'es2022', 'esnext', 'commonjs', 'amd', 'system', 'umd', 'node16', 'node18', 'node20', or 'nodenext'.
src/app/super-admin/page.tsx(403,47): error TS2792: Cannot find module '@/lib/supabase'. Did you mean to set the 'moduleResolution' option to 'nodenext', or to add aliases to the 'paths' option?
src/app/super-admin/page.tsx(422,9): error TS2339: Property 'div' does not exist on type 'JSX.IntrinsicElements'.
src/app/super-admin/page.tsx(432,13): error TS2339: Property 'main' does not exist on type 'JSX.IntrinsicElements'.
src/app/super-admin/page.tsx(433,17): error TS2339: Property 'div' does not exist on type 'JSX.IntrinsicElements'.
src/app/super-admin/page.tsx(445,33): error TS2339: Property 'div' does not exist on type 'JSX.IntrinsicElements'.
src/app/super-admin/page.tsx(452,41): error TS2339: Property 'div' does not exist on type 'JSX.IntrinsicElements'.
src/app/super-admin/page.tsx(453,45): error TS2339: Property 'div' does not exist on type 'JSX.IntrinsicElements'.
src/app/super-admin/page.tsx(455,45): error TS2339: Property 'div' does not exist on type 'JSX.IntrinsicElements'.
src/app/super-admin/page.tsx(456,45): error TS2339: Property 'p' does not exist on type 'JSX.IntrinsicElements'.
src/app/super-admin/page.tsx(456,134): error TS2339: Property 'p' does not exist on type 'JSX.IntrinsicElements'.
src/app/super-admin/page.tsx(457,45): error TS2339: Property 'h3' does not exist on type 'JSX.IntrinsicElements'.
src/app/super-admin/page.tsx(457,118): error TS2339: Property 'h3' does not exist on type 'JSX.IntrinsicElements'.
src/app/super-admin/page.tsx(458,45): error TS2339: Property 'div' does not exist on type 'JSX.IntrinsicElements'.
src/app/super-admin/page.tsx(458,224): error TS2339: Property 'div' does not exist on type 'JSX.IntrinsicElements'.
src/app/super-admin/page.tsx(459,41): error TS2339: Property 'div' does not exist on type 'JSX.IntrinsicElements'.
src/app/super-admin/page.tsx(461,33): error TS2339: Property 'div' does not exist on type 'JSX.IntrinsicElements'.
src/app/super-admin/page.tsx(463,33): error TS2339: Property 'div' does not exist on type 'JSX.IntrinsicElements'.
src/app/super-admin/page.tsx(464,37): error TS2339: Property 'h2' does not exist on type 'JSX.IntrinsicElements'.
src/app/super-admin/page.tsx(466,37): error TS2339: Property 'h2' does not exist on type 'JSX.IntrinsicElements'.
src/app/super-admin/page.tsx(467,37): error TS2339: Property 'div' does not exist on type 'JSX.IntrinsicElements'.
src/app/super-admin/page.tsx(469,45): error TS2339: Property 'div' does not exist on type 'JSX.IntrinsicElements'.
src/app/super-admin/page.tsx(470,49): error TS2339: Property 'div' does not exist on type 'JSX.IntrinsicElements'.
src/app/super-admin/page.tsx(471,53): error TS2339: Property 'span' does not exist on type 'JSX.IntrinsicElements'.
src/app/super-admin/page.tsx(471,81): error TS2339: Property 'span' does not exist on type 'JSX.IntrinsicElements'.
src/app/super-admin/page.tsx(472,53): error TS2339: Property 'span' does not exist on type 'JSX.IntrinsicElements'.
src/app/super-admin/page.tsx(472,113): error TS2339: Property 'span' does not exist on type 'JSX.IntrinsicElements'.
src/app/super-admin/page.tsx(473,49): error TS2339: Property 'div' does not exist on type 'JSX.IntrinsicElements'.
src/app/super-admin/page.tsx(474,49): error TS2339: Property 'div' does not exist on type 'JSX.IntrinsicElements'.
src/app/super-admin/page.tsx(475,53): error TS2339: Property 'div' does not exist on type 'JSX.IntrinsicElements'.
src/app/super-admin/page.tsx(478,54): error TS2339: Property 'div' does not exist on type 'JSX.IntrinsicElements'.
src/app/super-admin/page.tsx(479,49): error TS2339: Property 'div' does not exist on type 'JSX.IntrinsicElements'.
src/app/super-admin/page.tsx(480,45): error TS2339: Property 'div' does not exist on type 'JSX.IntrinsicElements'.
src/app/super-admin/page.tsx(482,37): error TS2339: Property 'div' does not exist on type 'JSX.IntrinsicElements'.
src/app/super-admin/page.tsx(483,33): error TS2339: Property 'div' does not exist on type 'JSX.IntrinsicElements'.
src/app/super-admin/page.tsx(495,33): error TS2339: Property 'div' does not exist on type 'JSX.IntrinsicElements'.
src/app/super-admin/page.tsx(496,37): error TS2339: Property 'h2' does not exist on type 'JSX.IntrinsicElements'.
src/app/super-admin/page.tsx(496,112): error TS2339: Property 'h2' does not exist on type 'JSX.IntrinsicElements'.
src/app/super-admin/page.tsx(497,37): error TS2339: Property 'div' does not exist on type 'JSX.IntrinsicElements'.
src/app/super-admin/page.tsx(498,41): error TS2339: Property 'div' does not exist on type 'JSX.IntrinsicElements'.
src/app/super-admin/page.tsx(500,45): error TS2339: Property 'input' does not exist on type 'JSX.IntrinsicElements'.
src/app/super-admin/page.tsx(501,41): error TS2339: Property 'div' does not exist on type 'JSX.IntrinsicElements'.
src/app/super-admin/page.tsx(502,37): error TS2339: Property 'div' does not exist on type 'JSX.IntrinsicElements'.
src/app/super-admin/page.tsx(503,33): error TS2339: Property 'div' does not exist on type 'JSX.IntrinsicElements'.
src/app/super-admin/page.tsx(504,33): error TS2339: Property 'div' does not exist on type 'JSX.IntrinsicElements'.
src/app/super-admin/page.tsx(505,37): error TS2339: Property 'table' does not exist on type 'JSX.IntrinsicElements'.
src/app/super-admin/page.tsx(506,41): error TS2339: Property 'thead' does not exist on type 'JSX.IntrinsicElements'.
src/app/super-admin/page.tsx(507,45): error TS2339: Property 'tr' does not exist on type 'JSX.IntrinsicElements'.
src/app/super-admin/page.tsx(508,49): error TS2339: Property 'th' does not exist on type 'JSX.IntrinsicElements'.
src/app/super-admin/page.tsx(508,93): error TS2339: Property 'th' does not exist on type 'JSX.IntrinsicElements'.
src/app/super-admin/page.tsx(509,49): error TS2339: Property 'th' does not exist on type 'JSX.IntrinsicElements'.
src/app/super-admin/page.tsx(509,83): error TS2339: Property 'th' does not exist on type 'JSX.IntrinsicElements'.
src/app/super-admin/page.tsx(510,49): error TS2339: Property 'th' does not exist on type 'JSX.IntrinsicElements'.
src/app/super-admin/page.tsx(510,91): error TS2339: Property 'th' does not exist on type 'JSX.IntrinsicElements'.
src/app/super-admin/page.tsx(511,49): error TS2339: Property 'th' does not exist on type 'JSX.IntrinsicElements'.
src/app/super-admin/page.tsx(511,83): error TS2339: Property 'th' does not exist on type 'JSX.IntrinsicElements'.
src/app/super-admin/page.tsx(512,45): error TS2339: Property 'tr' does not exist on type 'JSX.IntrinsicElements'.
src/app/super-admin/page.tsx(513,41): error TS2339: Property 'thead' does not exist on type 'JSX.IntrinsicElements'.
src/app/super-admin/page.tsx(514,41): error TS2339: Property 'tbody' does not exist on type 'JSX.IntrinsicElements'.
src/app/super-admin/page.tsx(516,49): error TS2339: Property 'tr' does not exist on type 'JSX.IntrinsicElements'.
src/app/super-admin/page.tsx(517,53): error TS2339: Property 'td' does not exist on type 'JSX.IntrinsicElements'.
src/app/super-admin/page.tsx(518,57): error TS2339: Property 'div' does not exist on type 'JSX.IntrinsicElements'.
src/app/super-admin/page.tsx(518,206): error TS2339: Property 'div' does not exist on type 'JSX.IntrinsicElements'.
src/app/super-admin/page.tsx(519,57): error TS2339: Property 'div' does not exist on type 'JSX.IntrinsicElements'.
src/app/super-admin/page.tsx(520,61): error TS2339: Property 'div' does not exist on type 'JSX.IntrinsicElements'.
src/app/super-admin/page.tsx(522,65): error TS2339: Property 'input' does not exist on type 'JSX.IntrinsicElements'.
src/app/super-admin/page.tsx(529,61): error TS2339: Property 'div' does not exist on type 'JSX.IntrinsicElements'.
src/app/super-admin/page.tsx(530,57): error TS2339: Property 'div' does not exist on type 'JSX.IntrinsicElements'.
src/app/super-admin/page.tsx(531,53): error TS2339: Property 'td' does not exist on type 'JSX.IntrinsicElements'.
src/app/super-admin/page.tsx(532,53): error TS2339: Property 'td' does not exist on type 'JSX.IntrinsicElements'.
src/app/super-admin/page.tsx(533,57): error TS2339: Property 'span' does not exist on type 'JSX.IntrinsicElements'.
src/app/super-admin/page.tsx(533,195): error TS2339: Property 'span' does not exist on type 'JSX.IntrinsicElements'.
src/app/super-admin/page.tsx(534,57): error TS2339: Property 'span' does not exist on type 'JSX.IntrinsicElements'.
src/app/super-admin/page.tsx(534,173): error TS2339: Property 'span' does not exist on type 'JSX.IntrinsicElements'.
src/app/super-admin/page.tsx(535,53): error TS2339: Property 'td' does not exist on type 'JSX.IntrinsicElements'.
src/app/super-admin/page.tsx(536,53): error TS2339: Property 'td' does not exist on type 'JSX.IntrinsicElements'.
src/app/super-admin/page.tsx(538,53): error TS2339: Property 'td' does not exist on type 'JSX.IntrinsicElements'.
src/app/super-admin/page.tsx(539,53): error TS2339: Property 'td' does not exist on type 'JSX.IntrinsicElements'.
src/app/super-admin/page.tsx(540,57): error TS2339: Property 'button' does not exist on type 'JSX.IntrinsicElements'.
src/app/super-admin/page.tsx(545,57): error TS2339: Property 'button' does not exist on type 'JSX.IntrinsicElements'.
src/app/super-admin/page.tsx(546,57): error TS2339: Property 'button' does not exist on type 'JSX.IntrinsicElements'.
src/app/super-admin/page.tsx(551,57): error TS2339: Property 'button' does not exist on type 'JSX.IntrinsicElements'.
src/app/super-admin/page.tsx(552,53): error TS2339: Property 'td' does not exist on type 'JSX.IntrinsicElements'.
src/app/super-admin/page.tsx(553,49): error TS2339: Property 'tr' does not exist on type 'JSX.IntrinsicElements'.
src/app/super-admin/page.tsx(555,41): error TS2339: Property 'tbody' does not exist on type 'JSX.IntrinsicElements'.
src/app/super-admin/page.tsx(556,37): error TS2339: Property 'table' does not exist on type 'JSX.IntrinsicElements'.
src/app/super-admin/page.tsx(557,33): error TS2339: Property 'div' does not exist on type 'JSX.IntrinsicElements'.
src/app/super-admin/page.tsx(569,33): error TS2339: Property 'div' does not exist on type 'JSX.IntrinsicElements'.
src/app/super-admin/page.tsx(570,37): error TS2339: Property 'div' does not exist on type 'JSX.IntrinsicElements'.
src/app/super-admin/page.tsx(571,41): error TS2339: Property 'h2' does not exist on type 'JSX.IntrinsicElements'.
src/app/super-admin/page.tsx(573,56): error TS2339: Property 'span' does not exist on type 'JSX.IntrinsicElements'.
src/app/super-admin/page.tsx(573,92): error TS2339: Property 'span' does not exist on type 'JSX.IntrinsicElements'.
src/app/super-admin/page.tsx(574,41): error TS2339: Property 'h2' does not exist on type 'JSX.IntrinsicElements'.
src/app/super-admin/page.tsx(575,41): error TS2339: Property 'p' does not exist on type 'JSX.IntrinsicElements'.
src/app/super-admin/page.tsx(575,171): error TS2339: Property 'p' does not exist on type 'JSX.IntrinsicElements'.
src/app/super-admin/page.tsx(576,37): error TS2339: Property 'div' does not exist on type 'JSX.IntrinsicElements'.
src/app/super-admin/page.tsx(577,37): error TS2339: Property 'div' does not exist on type 'JSX.IntrinsicElements'.
src/app/super-admin/page.tsx(578,41): error TS2339: Property 'div' does not exist on type 'JSX.IntrinsicElements'.
src/app/super-admin/page.tsx(580,49): error TS2339: Property 'button' does not exist on type 'JSX.IntrinsicElements'.
src/app/super-admin/page.tsx(586,49): error TS2339: Property 'button' does not exist on type 'JSX.IntrinsicElements'.
src/app/super-admin/page.tsx(588,41): error TS2339: Property 'div' does not exist on type 'JSX.IntrinsicElements'.
src/app/super-admin/page.tsx(590,41): error TS2339: Property 'div' does not exist on type 'JSX.IntrinsicElements'.
src/app/super-admin/page.tsx(591,45): error TS2339: Property 'div' does not exist on type 'JSX.IntrinsicElements'.
src/app/super-admin/page.tsx(593,49): error TS2339: Property 'span' does not exist on type 'JSX.IntrinsicElements'.
src/app/super-admin/page.tsx(593,246): error TS2339: Property 'span' does not exist on type 'JSX.IntrinsicElements'.
src/app/super-admin/page.tsx(594,45): error TS2339: Property 'div' does not exist on type 'JSX.IntrinsicElements'.
src/app/super-admin/page.tsx(595,41): error TS2339: Property 'div' does not exist on type 'JSX.IntrinsicElements'.
src/app/super-admin/page.tsx(598,41): error TS2339: Property 'div' does not exist on type 'JSX.IntrinsicElements'.
src/app/super-admin/page.tsx(599,45): error TS2339: Property 'button' does not exist on type 'JSX.IntrinsicElements'.
src/app/super-admin/page.tsx(604,49): error TS2339: Property 'span' does not exist on type 'JSX.IntrinsicElements'.
src/app/super-admin/page.tsx(606,49): error TS2339: Property 'span' does not exist on type 'JSX.IntrinsicElements'.
src/app/super-admin/page.tsx(608,45): error TS2339: Property 'button' does not exist on type 'JSX.IntrinsicElements'.
src/app/super-admin/page.tsx(613,57): error TS2339: Property 'div' does not exist on type 'JSX.IntrinsicElements'.
src/app/super-admin/page.tsx(613,138): error TS2339: Property 'div' does not exist on type 'JSX.IntrinsicElements'.
src/app/super-admin/page.tsx(626,65): error TS2339: Property 'button' does not exist on type 'JSX.IntrinsicElements'.
src/app/super-admin/page.tsx(635,65): error TS2339: Property 'button' does not exist on type 'JSX.IntrinsicElements'.
src/app/super-admin/page.tsx(641,41): error TS2339: Property 'div' does not exist on type 'JSX.IntrinsicElements'.
src/app/super-admin/page.tsx(642,37): error TS2339: Property 'div' does not exist on type 'JSX.IntrinsicElements'.
src/app/super-admin/page.tsx(643,33): error TS2339: Property 'div' does not exist on type 'JSX.IntrinsicElements'.
src/app/super-admin/page.tsx(644,33): error TS2339: Property 'div' does not exist on type 'JSX.IntrinsicElements'.
src/app/super-admin/page.tsx(646,41): error TS2339: Property 'div' does not exist on type 'JSX.IntrinsicElements'.
src/app/super-admin/page.tsx(648,45): error TS2339: Property 'p' does not exist on type 'JSX.IntrinsicElements'.
src/app/super-admin/page.tsx(648,155): error TS2339: Property 'p' does not exist on type 'JSX.IntrinsicElements'.
src/app/super-admin/page.tsx(649,41): error TS2339: Property 'div' does not exist on type 'JSX.IntrinsicElements'.
src/app/super-admin/page.tsx(658,33): error TS2339: Property 'div' does not exist on type 'JSX.IntrinsicElements'.
src/app/super-admin/page.tsx(670,33): error TS2339: Property 'div' does not exist on type 'JSX.IntrinsicElements'.
src/app/super-admin/page.tsx(671,37): error TS2339: Property 'div' does not exist on type 'JSX.IntrinsicElements'.
src/app/super-admin/page.tsx(672,41): error TS2339: Property 'h2' does not exist on type 'JSX.IntrinsicElements'.
src/app/super-admin/page.tsx(672,134): error TS2339: Property 'h2' does not exist on type 'JSX.IntrinsicElements'.
src/app/super-admin/page.tsx(673,41): error TS2339: Property 'p' does not exist on type 'JSX.IntrinsicElements'.
src/app/super-admin/page.tsx(673,155): error TS2339: Property 'p' does not exist on type 'JSX.IntrinsicElements'.
src/app/super-admin/page.tsx(674,37): error TS2339: Property 'div' does not exist on type 'JSX.IntrinsicElements'.
src/app/super-admin/page.tsx(676,37): error TS2339: Property 'div' does not exist on type 'JSX.IntrinsicElements'.
src/app/super-admin/page.tsx(677,41): error TS2339: Property 'div' does not exist on type 'JSX.IntrinsicElements'.
src/app/super-admin/page.tsx(678,45): error TS2339: Property 'label' does not exist on type 'JSX.IntrinsicElements'.
src/app/super-admin/page.tsx(678,156): error TS2339: Property 'label' does not exist on type 'JSX.IntrinsicElements'.
src/app/super-admin/page.tsx(679,45): error TS2339: Property 'input' does not exist on type 'JSX.IntrinsicElements'.
src/app/super-admin/page.tsx(686,41): error TS2339: Property 'div' does not exist on type 'JSX.IntrinsicElements'.
src/app/super-admin/page.tsx(687,41): error TS2339: Property 'div' does not exist on type 'JSX.IntrinsicElements'.
src/app/super-admin/page.tsx(688,45): error TS2339: Property 'label' does not exist on type 'JSX.IntrinsicElements'.
src/app/super-admin/page.tsx(688,161): error TS2339: Property 'label' does not exist on type 'JSX.IntrinsicElements'.
src/app/super-admin/page.tsx(689,45): error TS2339: Property 'input' does not exist on type 'JSX.IntrinsicElements'.
src/app/super-admin/page.tsx(696,41): error TS2339: Property 'div' does not exist on type 'JSX.IntrinsicElements'.
src/app/super-admin/page.tsx(697,41): error TS2339: Property 'button' does not exist on type 'JSX.IntrinsicElements'.
src/app/super-admin/page.tsx(702,41): error TS2339: Property 'button' does not exist on type 'JSX.IntrinsicElements'.
src/app/super-admin/page.tsx(703,37): error TS2339: Property 'div' does not exist on type 'JSX.IntrinsicElements'.
src/app/super-admin/page.tsx(705,37): error TS2339: Property 'div' does not exist on type 'JSX.IntrinsicElements'.
src/app/super-admin/page.tsx(706,41): error TS2339: Property 'div' does not exist on type 'JSX.IntrinsicElements'.
src/app/super-admin/page.tsx(707,45): error TS2339: Property 'h3' does not exist on type 'JSX.IntrinsicElements'.
src/app/super-admin/page.tsx(707,136): error TS2339: Property 'h3' does not exist on type 'JSX.IntrinsicElements'.
src/app/super-admin/page.tsx(708,45): error TS2339: Property 'p' does not exist on type 'JSX.IntrinsicElements'.
src/app/super-admin/page.tsx(708,154): error TS2339: Property 'p' does not exist on type 'JSX.IntrinsicElements'.
src/app/super-admin/page.tsx(709,41): error TS2339: Property 'div' does not exist on type 'JSX.IntrinsicElements'.
src/app/super-admin/page.tsx(711,41): error TS2339: Property 'div' does not exist on type 'JSX.IntrinsicElements'.
src/app/super-admin/page.tsx(712,45): error TS2339: Property 'div' does not exist on type 'JSX.IntrinsicElements'.
src/app/super-admin/page.tsx(713,49): error TS2339: Property 'p' does not exist on type 'JSX.IntrinsicElements'.
src/app/super-admin/page.tsx(713,147): error TS2339: Property 'p' does not exist on type 'JSX.IntrinsicElements'.
src/app/super-admin/page.tsx(714,49): error TS2339: Property 'div' does not exist on type 'JSX.IntrinsicElements'.
src/app/super-admin/page.tsx(715,53): error TS2339: Property 'button' does not exist on type 'JSX.IntrinsicElements'.
src/app/super-admin/page.tsx(720,53): error TS2339: Property 'button' does not exist on type 'JSX.IntrinsicElements'.
src/app/super-admin/page.tsx(721,53): error TS2339: Property 'button' does not exist on type 'JSX.IntrinsicElements'.
src/app/super-admin/page.tsx(726,53): error TS2339: Property 'button' does not exist on type 'JSX.IntrinsicElements'.
src/app/super-admin/page.tsx(727,49): error TS2339: Property 'div' does not exist on type 'JSX.IntrinsicElements'.
src/app/super-admin/page.tsx(728,45): error TS2339: Property 'div' does not exist on type 'JSX.IntrinsicElements'.
src/app/super-admin/page.tsx(730,45): error TS2339: Property 'div' does not exist on type 'JSX.IntrinsicElements'.
src/app/super-admin/page.tsx(731,49): error TS2339: Property 'p' does not exist on type 'JSX.IntrinsicElements'.
src/app/super-admin/page.tsx(731,152): error TS2339: Property 'p' does not exist on type 'JSX.IntrinsicElements'.
src/app/super-admin/page.tsx(732,49): error TS2339: Property 'div' does not exist on type 'JSX.IntrinsicElements'.
src/app/super-admin/page.tsx(733,53): error TS2339: Property 'button' does not exist on type 'JSX.IntrinsicElements'.
src/app/super-admin/page.tsx(738,53): error TS2339: Property 'button' does not exist on type 'JSX.IntrinsicElements'.
src/app/super-admin/page.tsx(739,53): error TS2339: Property 'button' does not exist on type 'JSX.IntrinsicElements'.
src/app/super-admin/page.tsx(744,53): error TS2339: Property 'button' does not exist on type 'JSX.IntrinsicElements'.
src/app/super-admin/page.tsx(745,49): error TS2339: Property 'div' does not exist on type 'JSX.IntrinsicElements'.
src/app/super-admin/page.tsx(746,45): error TS2339: Property 'div' does not exist on type 'JSX.IntrinsicElements'.
src/app/super-admin/page.tsx(747,41): error TS2339: Property 'div' does not exist on type 'JSX.IntrinsicElements'.
src/app/super-admin/page.tsx(748,37): error TS2339: Property 'div' does not exist on type 'JSX.IntrinsicElements'.
src/app/super-admin/page.tsx(749,33): error TS2339: Property 'div' does not exist on type 'JSX.IntrinsicElements'.
src/app/super-admin/page.tsx(761,33): error TS2339: Property 'div' does not exist on type 'JSX.IntrinsicElements'.
src/app/super-admin/page.tsx(762,37): error TS2339: Property 'div' does not exist on type 'JSX.IntrinsicElements'.
src/app/super-admin/page.tsx(763,41): error TS2339: Property 'h2' does not exist on type 'JSX.IntrinsicElements'.
src/app/super-admin/page.tsx(765,55): error TS2339: Property 'span' does not exist on type 'JSX.IntrinsicElements'.
src/app/super-admin/page.tsx(765,91): error TS2339: Property 'span' does not exist on type 'JSX.IntrinsicElements'.
src/app/super-admin/page.tsx(766,41): error TS2339: Property 'h2' does not exist on type 'JSX.IntrinsicElements'.
src/app/super-admin/page.tsx(767,41): error TS2339: Property 'p' does not exist on type 'JSX.IntrinsicElements'.
src/app/super-admin/page.tsx(767,165): error TS2339: Property 'p' does not exist on type 'JSX.IntrinsicElements'.
src/app/super-admin/page.tsx(768,37): error TS2339: Property 'div' does not exist on type 'JSX.IntrinsicElements'.
src/app/super-admin/page.tsx(769,33): error TS2339: Property 'div' does not exist on type 'JSX.IntrinsicElements'.
src/app/super-admin/page.tsx(771,33): error TS2339: Property 'div' does not exist on type 'JSX.IntrinsicElements'.
src/app/super-admin/page.tsx(809,41): error TS2339: Property 'button' does not exist on type 'JSX.IntrinsicElements'.
src/app/super-admin/page.tsx(817,45): error TS2339: Property 'div' does not exist on type 'JSX.IntrinsicElements'.
src/app/super-admin/page.tsx(819,45): error TS2339: Property 'div' does not exist on type 'JSX.IntrinsicElements'.
src/app/super-admin/page.tsx(820,45): error TS2339: Property 'h3' does not exist on type 'JSX.IntrinsicElements'.
src/app/super-admin/page.tsx(820,126): error TS2339: Property 'h3' does not exist on type 'JSX.IntrinsicElements'.
src/app/super-admin/page.tsx(821,45): error TS2339: Property 'p' does not exist on type 'JSX.IntrinsicElements'.
src/app/super-admin/page.tsx(821,127): error TS2339: Property 'p' does not exist on type 'JSX.IntrinsicElements'.
src/app/super-admin/page.tsx(822,45): error TS2339: Property 'div' does not exist on type 'JSX.IntrinsicElements'.
src/app/super-admin/page.tsx(824,45): error TS2339: Property 'div' does not exist on type 'JSX.IntrinsicElements'.
src/app/super-admin/page.tsx(825,45): error TS2339: Property 'div' does not exist on type 'JSX.IntrinsicElements'.
src/app/super-admin/page.tsx(825,205): error TS2339: Property 'div' does not exist on type 'JSX.IntrinsicElements'.
src/app/super-admin/page.tsx(826,41): error TS2339: Property 'button' does not exist on type 'JSX.IntrinsicElements'.
src/app/super-admin/page.tsx(828,33): error TS2339: Property 'div' does not exist on type 'JSX.IntrinsicElements'.
src/app/super-admin/page.tsx(831,33): error TS2339: Property 'div' does not exist on type 'JSX.IntrinsicElements'.
src/app/super-admin/page.tsx(832,37): error TS2339: Property 'div' does not exist on type 'JSX.IntrinsicElements'.
src/app/super-admin/page.tsx(834,37): error TS2339: Property 'div' does not exist on type 'JSX.IntrinsicElements'.
src/app/super-admin/page.tsx(835,37): error TS2339: Property 'div' does not exist on type 'JSX.IntrinsicElements'.
src/app/super-admin/page.tsx(836,41): error TS2339: Property 'h4' does not exist on type 'JSX.IntrinsicElements'.
src/app/super-admin/page.tsx(836,133): error TS2339: Property 'h4' does not exist on type 'JSX.IntrinsicElements'.
src/app/super-admin/page.tsx(837,41): error TS2339: Property 'p' does not exist on type 'JSX.IntrinsicElements'.
src/app/super-admin/page.tsx(837,179): error TS2339: Property 'p' does not exist on type 'JSX.IntrinsicElements'.
src/app/super-admin/page.tsx(838,37): error TS2339: Property 'div' does not exist on type 'JSX.IntrinsicElements'.
src/app/super-admin/page.tsx(839,33): error TS2339: Property 'div' does not exist on type 'JSX.IntrinsicElements'.
src/app/super-admin/page.tsx(851,33): error TS2339: Property 'div' does not exist on type 'JSX.IntrinsicElements'.
src/app/super-admin/page.tsx(852,37): error TS2339: Property 'h2' does not exist on type 'JSX.IntrinsicElements'.
src/app/super-admin/page.tsx(852,132): error TS2339: Property 'h2' does not exist on type 'JSX.IntrinsicElements'.
src/app/super-admin/page.tsx(853,37): error TS2339: Property 'p' does not exist on type 'JSX.IntrinsicElements'.
src/app/super-admin/page.tsx(856,37): error TS2339: Property 'p' does not exist on type 'JSX.IntrinsicElements'.
src/app/super-admin/page.tsx(857,33): error TS2339: Property 'div' does not exist on type 'JSX.IntrinsicElements'.
src/app/super-admin/page.tsx(859,33): error TS2339: Property 'div' does not exist on type 'JSX.IntrinsicElements'.
src/app/super-admin/page.tsx(894,41): error TS2339: Property 'button' does not exist on type 'JSX.IntrinsicElements'.
src/app/super-admin/page.tsx(899,45): error TS2339: Property 'div' does not exist on type 'JSX.IntrinsicElements'.
src/app/super-admin/page.tsx(900,49): error TS2339: Property 'div' does not exist on type 'JSX.IntrinsicElements'.
src/app/super-admin/page.tsx(902,49): error TS2339: Property 'div' does not exist on type 'JSX.IntrinsicElements'.
src/app/super-admin/page.tsx(903,45): error TS2339: Property 'div' does not exist on type 'JSX.IntrinsicElements'.
src/app/super-admin/page.tsx(904,45): error TS2339: Property 'h3' does not exist on type 'JSX.IntrinsicElements'.
src/app/super-admin/page.tsx(904,124): error TS2339: Property 'h3' does not exist on type 'JSX.IntrinsicElements'.
src/app/super-admin/page.tsx(905,45): error TS2339: Property 'p' does not exist on type 'JSX.IntrinsicElements'.
src/app/super-admin/page.tsx(905,131): error TS2339: Property 'p' does not exist on type 'JSX.IntrinsicElements'.
src/app/super-admin/page.tsx(906,45): error TS2339: Property 'div' does not exist on type 'JSX.IntrinsicElements'.
src/app/super-admin/page.tsx(908,45): error TS2339: Property 'div' does not exist on type 'JSX.IntrinsicElements'.
src/app/super-admin/page.tsx(911,45): error TS2339: Property 'div' does not exist on type 'JSX.IntrinsicElements'.
src/app/super-admin/page.tsx(911,220): error TS2339: Property 'div' does not exist on type 'JSX.IntrinsicElements'.
src/app/super-admin/page.tsx(912,45): error TS2339: Property 'div' does not exist on type 'JSX.IntrinsicElements'.
src/app/super-admin/page.tsx(912,197): error TS2339: Property 'div' does not exist on type 'JSX.IntrinsicElements'.
src/app/super-admin/page.tsx(913,41): error TS2339: Property 'button' does not exist on type 'JSX.IntrinsicElements'.
src/app/super-admin/page.tsx(915,33): error TS2339: Property 'div' does not exist on type 'JSX.IntrinsicElements'.
src/app/super-admin/page.tsx(923,29): error TS2339: Property 'div' does not exist on type 'JSX.IntrinsicElements'.
src/app/super-admin/page.tsx(937,37): error TS2339: Property 'div' does not exist on type 'JSX.IntrinsicElements'.
src/app/super-admin/page.tsx(938,41): error TS2339: Property 'div' does not exist on type 'JSX.IntrinsicElements'.
src/app/super-admin/page.tsx(939,45): error TS2339: Property 'div' does not exist on type 'JSX.IntrinsicElements'.
src/app/super-admin/page.tsx(945,45): error TS2339: Property 'div' does not exist on type 'JSX.IntrinsicElements'.
src/app/super-admin/page.tsx(946,45): error TS2339: Property 'div' does not exist on type 'JSX.IntrinsicElements'.
src/app/super-admin/page.tsx(947,49): error TS2339: Property 'h3' does not exist on type 'JSX.IntrinsicElements'.
src/app/super-admin/page.tsx(953,49): error TS2339: Property 'h3' does not exist on type 'JSX.IntrinsicElements'.
src/app/super-admin/page.tsx(954,49): error TS2339: Property 'p' does not exist on type 'JSX.IntrinsicElements'.
src/app/super-admin/page.tsx(954,159): error TS2339: Property 'p' does not exist on type 'JSX.IntrinsicElements'.
src/app/super-admin/page.tsx(955,45): error TS2339: Property 'div' does not exist on type 'JSX.IntrinsicElements'.
src/app/super-admin/page.tsx(956,41): error TS2339: Property 'div' does not exist on type 'JSX.IntrinsicElements'.
src/app/super-admin/page.tsx(957,41): error TS2339: Property 'button' does not exist on type 'JSX.IntrinsicElements'.
src/app/super-admin/page.tsx(962,41): error TS2339: Property 'button' does not exist on type 'JSX.IntrinsicElements'.
src/app/super-admin/page.tsx(963,37): error TS2339: Property 'div' does not exist on type 'JSX.IntrinsicElements'.
src/app/super-admin/page.tsx(965,37): error TS2339: Property 'div' does not exist on type 'JSX.IntrinsicElements'.
src/app/super-admin/page.tsx(966,41): error TS2339: Property 'div' does not exist on type 'JSX.IntrinsicElements'.
src/app/super-admin/page.tsx(968,49): error TS2339: Property 'div' does not exist on type 'JSX.IntrinsicElements'.
src/app/super-admin/page.tsx(969,53): error TS2339: Property 'section' does not exist on type 'JSX.IntrinsicElements'.
src/app/super-admin/page.tsx(970,57): error TS2339: Property 'h4' does not exist on type 'JSX.IntrinsicElements'.
src/app/super-admin/page.tsx(970,161): error TS2339: Property 'h4' does not exist on type 'JSX.IntrinsicElements'.
src/app/super-admin/page.tsx(971,57): error TS2339: Property 'p' does not exist on type 'JSX.IntrinsicElements'.
src/app/super-admin/page.tsx(971,239): error TS2339: Property 'p' does not exist on type 'JSX.IntrinsicElements'.
src/app/super-admin/page.tsx(972,57): error TS2339: Property 'div' does not exist on type 'JSX.IntrinsicElements'.
src/app/super-admin/page.tsx(974,61): error TS2339: Property 'div' does not exist on type 'JSX.IntrinsicElements'.
src/app/super-admin/page.tsx(975,65): error TS2339: Property 'p' does not exist on type 'JSX.IntrinsicElements'.
src/app/super-admin/page.tsx(975,148): error TS2339: Property 'p' does not exist on type 'JSX.IntrinsicElements'.
src/app/super-admin/page.tsx(976,65): error TS2339: Property 'p' does not exist on type 'JSX.IntrinsicElements'.
src/app/super-admin/page.tsx(976,197): error TS2339: Property 'p' does not exist on type 'JSX.IntrinsicElements'.
src/app/super-admin/page.tsx(977,61): error TS2339: Property 'div' does not exist on type 'JSX.IntrinsicElements'.
src/app/super-admin/page.tsx(978,57): error TS2339: Property 'div' does not exist on type 'JSX.IntrinsicElements'.
src/app/super-admin/page.tsx(979,53): error TS2339: Property 'section' does not exist on type 'JSX.IntrinsicElements'.
src/app/super-admin/page.tsx(981,53): error TS2339: Property 'section' does not exist on type 'JSX.IntrinsicElements'.
src/app/super-admin/page.tsx(982,57): error TS2339: Property 'h4' does not exist on type 'JSX.IntrinsicElements'.
src/app/super-admin/page.tsx(982,161): error TS2339: Property 'h4' does not exist on type 'JSX.IntrinsicElements'.
src/app/super-admin/page.tsx(983,57): error TS2339: Property 'p' does not exist on type 'JSX.IntrinsicElements'.
src/app/super-admin/page.tsx(983,206): error TS2339: Property 'p' does not exist on type 'JSX.IntrinsicElements'.
src/app/super-admin/page.tsx(984,57): error TS2339: Property 'div' does not exist on type 'JSX.IntrinsicElements'.
src/app/super-admin/page.tsx(985,61): error TS2339: Property 'div' does not exist on type 'JSX.IntrinsicElements'.
src/app/super-admin/page.tsx(986,65): error TS2339: Property 'p' does not exist on type 'JSX.IntrinsicElements'.
src/app/super-admin/page.tsx(986,143): error TS2339: Property 'p' does not exist on type 'JSX.IntrinsicElements'.
src/app/super-admin/page.tsx(987,65): error TS2339: Property 'ul' does not exist on type 'JSX.IntrinsicElements'.
src/app/super-admin/page.tsx(988,69): error TS2339: Property 'li' does not exist on type 'JSX.IntrinsicElements'.
src/app/super-admin/page.tsx(988,102): error TS2339: Property 'li' does not exist on type 'JSX.IntrinsicElements'.
src/app/super-admin/page.tsx(989,69): error TS2339: Property 'li' does not exist on type 'JSX.IntrinsicElements'.
src/app/super-admin/page.tsx(989,111): error TS2339: Property 'li' does not exist on type 'JSX.IntrinsicElements'.
src/app/super-admin/page.tsx(990,69): error TS2339: Property 'li' does not exist on type 'JSX.IntrinsicElements'.
src/app/super-admin/page.tsx(990,102): error TS2339: Property 'li' does not exist on type 'JSX.IntrinsicElements'.
src/app/super-admin/page.tsx(991,65): error TS2339: Property 'ul' does not exist on type 'JSX.IntrinsicElements'.
src/app/super-admin/page.tsx(992,61): error TS2339: Property 'div' does not exist on type 'JSX.IntrinsicElements'.
src/app/super-admin/page.tsx(993,61): error TS2339: Property 'div' does not exist on type 'JSX.IntrinsicElements'.
src/app/super-admin/page.tsx(994,65): error TS2339: Property 'p' does not exist on type 'JSX.IntrinsicElements'.
src/app/super-admin/page.tsx(994,142): error TS2339: Property 'p' does not exist on type 'JSX.IntrinsicElements'.
src/app/super-admin/page.tsx(995,65): error TS2339: Property 'p' does not exist on type 'JSX.IntrinsicElements'.
src/app/super-admin/page.tsx(995,249): error TS2339: Property 'p' does not exist on type 'JSX.IntrinsicElements'.
src/app/super-admin/page.tsx(996,61): error TS2339: Property 'div' does not exist on type 'JSX.IntrinsicElements'.
src/app/super-admin/page.tsx(997,57): error TS2339: Property 'div' does not exist on type 'JSX.IntrinsicElements'.
src/app/super-admin/page.tsx(998,53): error TS2339: Property 'section' does not exist on type 'JSX.IntrinsicElements'.
src/app/super-admin/page.tsx(1000,53): error TS2339: Property 'section' does not exist on type 'JSX.IntrinsicElements'.
src/app/super-admin/page.tsx(1002,53): error TS2339: Property 'section' does not exist on type 'JSX.IntrinsicElements'.
src/app/super-admin/page.tsx(1003,49): error TS2339: Property 'div' does not exist on type 'JSX.IntrinsicElements'.
src/app/super-admin/page.tsx(1007,49): error TS2339: Property 'div' does not exist on type 'JSX.IntrinsicElements'.
src/app/super-admin/page.tsx(1008,53): error TS2339: Property 'section' does not exist on type 'JSX.IntrinsicElements'.
src/app/super-admin/page.tsx(1009,57): error TS2339: Property 'h4' does not exist on type 'JSX.IntrinsicElements'.
src/app/super-admin/page.tsx(1009,156): error TS2339: Property 'h4' does not exist on type 'JSX.IntrinsicElements'.
src/app/super-admin/page.tsx(1010,57): error TS2339: Property 'p' does not exist on type 'JSX.IntrinsicElements'.
src/app/super-admin/page.tsx(1010,174): error TS2339: Property 'p' does not exist on type 'JSX.IntrinsicElements'.
src/app/super-admin/page.tsx(1011,57): error TS2339: Property 'div' does not exist on type 'JSX.IntrinsicElements'.
src/app/super-admin/page.tsx(1018,65): error TS2339: Property 'div' does not exist on type 'JSX.IntrinsicElements'.
src/app/super-admin/page.tsx(1019,69): error TS2339: Property 'div' does not exist on type 'JSX.IntrinsicElements'.
src/app/super-admin/page.tsx(1019,131): error TS2339: Property 'div' does not exist on type 'JSX.IntrinsicElements'.
src/app/super-admin/page.tsx(1020,69): error TS2339: Property 'div' does not exist on type 'JSX.IntrinsicElements'.
src/app/super-admin/page.tsx(1021,73): error TS2339: Property 'p' does not exist on type 'JSX.IntrinsicElements'.
src/app/super-admin/page.tsx(1021,125): error TS2339: Property 'p' does not exist on type 'JSX.IntrinsicElements'.
src/app/super-admin/page.tsx(1022,73): error TS2339: Property 'p' does not exist on type 'JSX.IntrinsicElements'.
src/app/super-admin/page.tsx(1022,122): error TS2339: Property 'p' does not exist on type 'JSX.IntrinsicElements'.
src/app/super-admin/page.tsx(1023,69): error TS2339: Property 'div' does not exist on type 'JSX.IntrinsicElements'.
src/app/super-admin/page.tsx(1024,65): error TS2339: Property 'div' does not exist on type 'JSX.IntrinsicElements'.
src/app/super-admin/page.tsx(1026,57): error TS2339: Property 'div' does not exist on type 'JSX.IntrinsicElements'.
src/app/super-admin/page.tsx(1027,53): error TS2339: Property 'section' does not exist on type 'JSX.IntrinsicElements'.
src/app/super-admin/page.tsx(1028,49): error TS2339: Property 'div' does not exist on type 'JSX.IntrinsicElements'.
src/app/super-admin/page.tsx(1032,49): error TS2339: Property 'div' does not exist on type 'JSX.IntrinsicElements'.
src/app/super-admin/page.tsx(1033,53): error TS2339: Property 'section' does not exist on type 'JSX.IntrinsicElements'.
src/app/super-admin/page.tsx(1034,57): error TS2339: Property 'h4' does not exist on type 'JSX.IntrinsicElements'.
src/app/super-admin/page.tsx(1034,155): error TS2339: Property 'h4' does not exist on type 'JSX.IntrinsicElements'.
src/app/super-admin/page.tsx(1035,57): error TS2339: Property 'div' does not exist on type 'JSX.IntrinsicElements'.
src/app/super-admin/page.tsx(1036,61): error TS2339: Property 'div' does not exist on type 'JSX.IntrinsicElements'.
src/app/super-admin/page.tsx(1037,65): error TS2339: Property 'p' does not exist on type 'JSX.IntrinsicElements'.
src/app/super-admin/page.tsx(1037,149): error TS2339: Property 'p' does not exist on type 'JSX.IntrinsicElements'.
src/app/super-admin/page.tsx(1038,65): error TS2339: Property 'p' does not exist on type 'JSX.IntrinsicElements'.
src/app/super-admin/page.tsx(1038,258): error TS2339: Property 'p' does not exist on type 'JSX.IntrinsicElements'.
src/app/super-admin/page.tsx(1039,61): error TS2339: Property 'div' does not exist on type 'JSX.IntrinsicElements'.
src/app/super-admin/page.tsx(1040,61): error TS2339: Property 'div' does not exist on type 'JSX.IntrinsicElements'.
src/app/super-admin/page.tsx(1041,65): error TS2339: Property 'p' does not exist on type 'JSX.IntrinsicElements'.
src/app/super-admin/page.tsx(1041,149): error TS2339: Property 'p' does not exist on type 'JSX.IntrinsicElements'.
src/app/super-admin/page.tsx(1042,65): error TS2339: Property 'p' does not exist on type 'JSX.IntrinsicElements'.
src/app/super-admin/page.tsx(1042,255): error TS2339: Property 'p' does not exist on type 'JSX.IntrinsicElements'.
src/app/super-admin/page.tsx(1043,61): error TS2339: Property 'div' does not exist on type 'JSX.IntrinsicElements'.
src/app/super-admin/page.tsx(1044,57): error TS2339: Property 'div' does not exist on type 'JSX.IntrinsicElements'.
src/app/super-admin/page.tsx(1045,53): error TS2339: Property 'section' does not exist on type 'JSX.IntrinsicElements'.
src/app/super-admin/page.tsx(1047,53): error TS2339: Property 'section' does not exist on type 'JSX.IntrinsicElements'.
src/app/super-admin/page.tsx(1048,57): error TS2339: Property 'h4' does not exist on type 'JSX.IntrinsicElements'.
src/app/super-admin/page.tsx(1048,149): error TS2339: Property 'h4' does not exist on type 'JSX.IntrinsicElements'.
src/app/super-admin/page.tsx(1049,57): error TS2339: Property 'div' does not exist on type 'JSX.IntrinsicElements'.
src/app/super-admin/page.tsx(1050,61): error TS2339: Property 'div' does not exist on type 'JSX.IntrinsicElements'.
src/app/super-admin/page.tsx(1051,65): error TS2339: Property 'div' does not exist on type 'JSX.IntrinsicElements'.
src/app/super-admin/page.tsx(1051,119): error TS2339: Property 'div' does not exist on type 'JSX.IntrinsicElements'.
src/app/super-admin/page.tsx(1052,65): error TS2339: Property 'p' does not exist on type 'JSX.IntrinsicElements'.
src/app/super-admin/page.tsx(1052,145): error TS2339: Property 'p' does not exist on type 'JSX.IntrinsicElements'.
src/app/super-admin/page.tsx(1053,61): error TS2339: Property 'div' does not exist on type 'JSX.IntrinsicElements'.
src/app/super-admin/page.tsx(1054,61): error TS2339: Property 'div' does not exist on type 'JSX.IntrinsicElements'.
src/app/super-admin/page.tsx(1055,65): error TS2339: Property 'div' does not exist on type 'JSX.IntrinsicElements'.
src/app/super-admin/page.tsx(1055,119): error TS2339: Property 'div' does not exist on type 'JSX.IntrinsicElements'.
src/app/super-admin/page.tsx(1056,65): error TS2339: Property 'p' does not exist on type 'JSX.IntrinsicElements'.
src/app/super-admin/page.tsx(1056,152): error TS2339: Property 'p' does not exist on type 'JSX.IntrinsicElements'.
src/app/super-admin/page.tsx(1057,61): error TS2339: Property 'div' does not exist on type 'JSX.IntrinsicElements'.
src/app/super-admin/page.tsx(1058,61): error TS2339: Property 'div' does not exist on type 'JSX.IntrinsicElements'.
src/app/super-admin/page.tsx(1059,65): error TS2339: Property 'div' does not exist on type 'JSX.IntrinsicElements'.
src/app/super-admin/page.tsx(1059,119): error TS2339: Property 'div' does not exist on type 'JSX.IntrinsicElements'.
src/app/super-admin/page.tsx(1060,65): error TS2339: Property 'p' does not exist on type 'JSX.IntrinsicElements'.
src/app/super-admin/page.tsx(1060,158): error TS2339: Property 'p' does not exist on type 'JSX.IntrinsicElements'.
src/app/super-admin/page.tsx(1061,61): error TS2339: Property 'div' does not exist on type 'JSX.IntrinsicElements'.
src/app/super-admin/page.tsx(1062,57): error TS2339: Property 'div' does not exist on type 'JSX.IntrinsicElements'.
src/app/super-admin/page.tsx(1063,53): error TS2339: Property 'section' does not exist on type 'JSX.IntrinsicElements'.
src/app/super-admin/page.tsx(1064,49): error TS2339: Property 'div' does not exist on type 'JSX.IntrinsicElements'.
src/app/super-admin/page.tsx(1068,49): error TS2339: Property 'div' does not exist on type 'JSX.IntrinsicElements'.
src/app/super-admin/page.tsx(1069,53): error TS2339: Property 'section' does not exist on type 'JSX.IntrinsicElements'.
src/app/super-admin/page.tsx(1070,57): error TS2339: Property 'h4' does not exist on type 'JSX.IntrinsicElements'.
src/app/super-admin/page.tsx(1070,159): error TS2339: Property 'h4' does not exist on type 'JSX.IntrinsicElements'.
src/app/super-admin/page.tsx(1071,57): error TS2339: Property 'p' does not exist on type 'JSX.IntrinsicElements'.
src/app/super-admin/page.tsx(1071,172): error TS2339: Property 'p' does not exist on type 'JSX.IntrinsicElements'.
src/app/super-admin/page.tsx(1072,57): error TS2339: Property 'div' does not exist on type 'JSX.IntrinsicElements'.
src/app/super-admin/page.tsx(1073,61): error TS2339: Property 'div' does not exist on type 'JSX.IntrinsicElements'.
src/app/super-admin/page.tsx(1075,65): error TS2339: Property 'div' does not exist on type 'JSX.IntrinsicElements'.
src/app/super-admin/page.tsx(1076,69): error TS2339: Property 'p' does not exist on type 'JSX.IntrinsicElements'.
src/app/super-admin/page.tsx(1076,143): error TS2339: Property 'p' does not exist on type 'JSX.IntrinsicElements'.
src/app/super-admin/page.tsx(1077,69): error TS2339: Property 'p' does not exist on type 'JSX.IntrinsicElements'.
src/app/super-admin/page.tsx(1077,218): error TS2339: Property 'p' does not exist on type 'JSX.IntrinsicElements'.
src/app/super-admin/page.tsx(1078,65): error TS2339: Property 'div' does not exist on type 'JSX.IntrinsicElements'.
src/app/super-admin/page.tsx(1079,61): error TS2339: Property 'div' does not exist on type 'JSX.IntrinsicElements'.
src/app/super-admin/page.tsx(1080,61): error TS2339: Property 'div' does not exist on type 'JSX.IntrinsicElements'.
src/app/super-admin/page.tsx(1082,65): error TS2339: Property 'div' does not exist on type 'JSX.IntrinsicElements'.
src/app/super-admin/page.tsx(1083,69): error TS2339: Property 'p' does not exist on type 'JSX.IntrinsicElements'.
src/app/super-admin/page.tsx(1083,135): error TS2339: Property 'p' does not exist on type 'JSX.IntrinsicElements'.
src/app/super-admin/page.tsx(1084,69): error TS2339: Property 'p' does not exist on type 'JSX.IntrinsicElements'.
src/app/super-admin/page.tsx(1084,259): error TS2339: Property 'p' does not exist on type 'JSX.IntrinsicElements'.
src/app/super-admin/page.tsx(1085,65): error TS2339: Property 'div' does not exist on type 'JSX.IntrinsicElements'.
src/app/super-admin/page.tsx(1086,61): error TS2339: Property 'div' does not exist on type 'JSX.IntrinsicElements'.
src/app/super-admin/page.tsx(1087,57): error TS2339: Property 'div' does not exist on type 'JSX.IntrinsicElements'.
src/app/super-admin/page.tsx(1088,53): error TS2339: Property 'section' does not exist on type 'JSX.IntrinsicElements'.
src/app/super-admin/page.tsx(1089,49): error TS2339: Property 'div' does not exist on type 'JSX.IntrinsicElements'.
src/app/super-admin/page.tsx(1093,49): error TS2339: Property 'div' does not exist on type 'JSX.IntrinsicElements'.
src/app/super-admin/page.tsx(1094,53): error TS2339: Property 'section' does not exist on type 'JSX.IntrinsicElements'.
src/app/super-admin/page.tsx(1095,57): error TS2339: Property 'h4' does not exist on type 'JSX.IntrinsicElements'.
src/app/super-admin/page.tsx(1095,150): error TS2339: Property 'h4' does not exist on type 'JSX.IntrinsicElements'.
src/app/super-admin/page.tsx(1096,57): error TS2339: Property 'p' does not exist on type 'JSX.IntrinsicElements'.
src/app/super-admin/page.tsx(1096,140): error TS2339: Property 'p' does not exist on type 'JSX.IntrinsicElements'.
src/app/super-admin/page.tsx(1097,57): error TS2339: Property 'div' does not exist on type 'JSX.IntrinsicElements'.
src/app/super-admin/page.tsx(1098,61): error TS2339: Property 'p' does not exist on type 'JSX.IntrinsicElements'.
src/app/super-admin/page.tsx(1098,108): error TS2339: Property 'p' does not exist on type 'JSX.IntrinsicElements'.
src/app/super-admin/page.tsx(1099,61): error TS2339: Property 'p' does not exist on type 'JSX.IntrinsicElements'.
src/app/super-admin/page.tsx(1099,127): error TS2339: Property 'p' does not exist on type 'JSX.IntrinsicElements'.
src/app/super-admin/page.tsx(1100,61): error TS2339: Property 'p' does not exist on type 'JSX.IntrinsicElements'.
src/app/super-admin/page.tsx(1100,133): error TS2339: Property 'p' does not exist on type 'JSX.IntrinsicElements'.
src/app/super-admin/page.tsx(1101,57): error TS2339: Property 'div' does not exist on type 'JSX.IntrinsicElements'.
src/app/super-admin/page.tsx(1102,53): error TS2339: Property 'section' does not exist on type 'JSX.IntrinsicElements'.
src/app/super-admin/page.tsx(1103,49): error TS2339: Property 'div' does not exist on type 'JSX.IntrinsicElements'.
src/app/super-admin/page.tsx(1105,41): error TS2339: Property 'div' does not exist on type 'JSX.IntrinsicElements'.
src/app/super-admin/page.tsx(1106,37): error TS2339: Property 'div' does not exist on type 'JSX.IntrinsicElements'.
src/app/super-admin/page.tsx(1108,37): error TS2339: Property 'div' does not exist on type 'JSX.IntrinsicElements'.
src/app/super-admin/page.tsx(1109,41): error TS2339: Property 'button' does not exist on type 'JSX.IntrinsicElements'.
src/app/super-admin/page.tsx(1114,41): error TS2339: Property 'button' does not exist on type 'JSX.IntrinsicElements'.
src/app/super-admin/page.tsx(1115,37): error TS2339: Property 'div' does not exist on type 'JSX.IntrinsicElements'.
src/app/super-admin/page.tsx(1117,29): error TS2339: Property 'div' does not exist on type 'JSX.IntrinsicElements'.
src/app/super-admin/page.tsx(1120,17): error TS2339: Property 'div' does not exist on type 'JSX.IntrinsicElements'.
src/app/super-admin/page.tsx(1121,13): error TS2339: Property 'main' does not exist on type 'JSX.IntrinsicElements'.
src/app/super-admin/page.tsx(1126,21): error TS2339: Property 'div' does not exist on type 'JSX.IntrinsicElements'.
src/app/super-admin/page.tsx(1140,29): error TS2339: Property 'div' does not exist on type 'JSX.IntrinsicElements'.
src/app/super-admin/page.tsx(1141,33): error TS2339: Property 'div' does not exist on type 'JSX.IntrinsicElements'.
src/app/super-admin/page.tsx(1142,37): error TS2339: Property 'h3' does not exist on type 'JSX.IntrinsicElements'.
src/app/super-admin/page.tsx(1142,142): error TS2339: Property 'h3' does not exist on type 'JSX.IntrinsicElements'.
src/app/super-admin/page.tsx(1143,37): error TS2339: Property 'p' does not exist on type 'JSX.IntrinsicElements'.
src/app/super-admin/page.tsx(1143,156): error TS2339: Property 'p' does not exist on type 'JSX.IntrinsicElements'.
src/app/super-admin/page.tsx(1144,33): error TS2339: Property 'div' does not exist on type 'JSX.IntrinsicElements'.
src/app/super-admin/page.tsx(1145,33): error TS2339: Property 'button' does not exist on type 'JSX.IntrinsicElements'.
src/app/super-admin/page.tsx(1150,33): error TS2339: Property 'button' does not exist on type 'JSX.IntrinsicElements'.
src/app/super-admin/page.tsx(1151,29): error TS2339: Property 'div' does not exist on type 'JSX.IntrinsicElements'.
src/app/super-admin/page.tsx(1153,29): error TS2339: Property 'div' does not exist on type 'JSX.IntrinsicElements'.
src/app/super-admin/page.tsx(1155,37): error TS2339: Property 'div' does not exist on type 'JSX.IntrinsicElements'.
src/app/super-admin/page.tsx(1156,41): error TS2339: Property 'div' does not exist on type 'JSX.IntrinsicElements'.
src/app/super-admin/page.tsx(1156,122): error TS2339: Property 'div' does not exist on type 'JSX.IntrinsicElements'.
src/app/super-admin/page.tsx(1157,37): error TS2339: Property 'div' does not exist on type 'JSX.IntrinsicElements'.
src/app/super-admin/page.tsx(1161,41): error TS2339: Property 'div' does not exist on type 'JSX.IntrinsicElements'.
src/app/super-admin/page.tsx(1162,45): error TS2339: Property 'h4' does not exist on type 'JSX.IntrinsicElements'.
src/app/super-admin/page.tsx(1164,45): error TS2339: Property 'h4' does not exist on type 'JSX.IntrinsicElements'.
src/app/super-admin/page.tsx(1166,49): error TS2339: Property 'p' does not exist on type 'JSX.IntrinsicElements'.
src/app/super-admin/page.tsx(1166,132): error TS2339: Property 'p' does not exist on type 'JSX.IntrinsicElements'.
src/app/super-admin/page.tsx(1168,49): error TS2339: Property 'div' does not exist on type 'JSX.IntrinsicElements'.
src/app/super-admin/page.tsx(1170,57): error TS2339: Property 'div' does not exist on type 'JSX.IntrinsicElements'.
src/app/super-admin/page.tsx(1171,61): error TS2339: Property 'div' does not exist on type 'JSX.IntrinsicElements'.
src/app/super-admin/page.tsx(1172,65): error TS2339: Property 'p' does not exist on type 'JSX.IntrinsicElements'.
src/app/super-admin/page.tsx(1172,156): error TS2339: Property 'p' does not exist on type 'JSX.IntrinsicElements'.
src/app/super-admin/page.tsx(1173,65): error TS2339: Property 'p' does not exist on type 'JSX.IntrinsicElements'.
src/app/super-admin/page.tsx(1173,150): error TS2339: Property 'p' does not exist on type 'JSX.IntrinsicElements'.
src/app/super-admin/page.tsx(1174,61): error TS2339: Property 'div' does not exist on type 'JSX.IntrinsicElements'.
src/app/super-admin/page.tsx(1175,61): error TS2339: Property 'div' does not exist on type 'JSX.IntrinsicElements'.
src/app/super-admin/page.tsx(1176,65): error TS2339: Property 'span' does not exist on type 'JSX.IntrinsicElements'.
src/app/super-admin/page.tsx(1176,146): error TS2339: Property 'span' does not exist on type 'JSX.IntrinsicElements'.
src/app/super-admin/page.tsx(1177,61): error TS2339: Property 'div' does not exist on type 'JSX.IntrinsicElements'.
src/app/super-admin/page.tsx(1178,57): error TS2339: Property 'div' does not exist on type 'JSX.IntrinsicElements'.
src/app/super-admin/page.tsx(1180,49): error TS2339: Property 'div' does not exist on type 'JSX.IntrinsicElements'.
src/app/super-admin/page.tsx(1182,41): error TS2339: Property 'div' does not exist on type 'JSX.IntrinsicElements'.
src/app/super-admin/page.tsx(1185,41): error TS2339: Property 'div' does not exist on type 'JSX.IntrinsicElements'.
src/app/super-admin/page.tsx(1186,45): error TS2339: Property 'h4' does not exist on type 'JSX.IntrinsicElements'.
src/app/super-admin/page.tsx(1188,45): error TS2339: Property 'h4' does not exist on type 'JSX.IntrinsicElements'.
src/app/super-admin/page.tsx(1190,49): error TS2339: Property 'p' does not exist on type 'JSX.IntrinsicElements'.
src/app/super-admin/page.tsx(1190,122): error TS2339: Property 'p' does not exist on type 'JSX.IntrinsicElements'.
src/app/super-admin/page.tsx(1192,49): error TS2339: Property 'div' does not exist on type 'JSX.IntrinsicElements'.
src/app/super-admin/page.tsx(1194,57): error TS2339: Property 'div' does not exist on type 'JSX.IntrinsicElements'.
src/app/super-admin/page.tsx(1195,61): error TS2339: Property 'div' does not exist on type 'JSX.IntrinsicElements'.
src/app/super-admin/page.tsx(1196,65): error TS2339: Property 'p' does not exist on type 'JSX.IntrinsicElements'.
src/app/super-admin/page.tsx(1196,153): error TS2339: Property 'p' does not exist on type 'JSX.IntrinsicElements'.
src/app/super-admin/page.tsx(1197,65): error TS2339: Property 'p' does not exist on type 'JSX.IntrinsicElements'.
src/app/super-admin/page.tsx(1197,118): error TS2339: Property 'p' does not exist on type 'JSX.IntrinsicElements'.
src/app/super-admin/page.tsx(1198,61): error TS2339: Property 'div' does not exist on type 'JSX.IntrinsicElements'.
src/app/super-admin/page.tsx(1199,61): error TS2339: Property 'span' does not exist on type 'JSX.IntrinsicElements'.
src/app/super-admin/page.tsx(1199,169): error TS2339: Property 'span' does not exist on type 'JSX.IntrinsicElements'.
src/app/super-admin/page.tsx(1200,57): error TS2339: Property 'div' does not exist on type 'JSX.IntrinsicElements'.
src/app/super-admin/page.tsx(1202,49): error TS2339: Property 'div' does not exist on type 'JSX.IntrinsicElements'.
src/app/super-admin/page.tsx(1204,41): error TS2339: Property 'div' does not exist on type 'JSX.IntrinsicElements'.
src/app/super-admin/page.tsx(1207,29): error TS2339: Property 'div' does not exist on type 'JSX.IntrinsicElements'.
src/app/super-admin/page.tsx(1209,21): error TS2339: Property 'div' does not exist on type 'JSX.IntrinsicElements'.
src/app/super-admin/page.tsx(1212,9): error TS2339: Property 'div' does not exist on type 'JSX.IntrinsicElements'.
